 trackVehicleNewVer7_SonarPath_sfun

 Timestamp is 55483394 (Mon May 04 22:05:56 2015)

 Preferred load address is 0000000180000000

 Start         Length     Name                   Class
 0001:00000000 0001a762H .text$mn                CODE
 0001:0001a770 0000007bH .text$x                 CODE
 0002:00000000 000004b0H .idata$5                DATA
 0002:000004b0 00000008H .CRT$XCA                DATA
 0002:000004b8 00000008H .CRT$XCZ                DATA
 0002:000004c0 00000008H .CRT$XIA                DATA
 0002:000004c8 00000008H .CRT$XIAA               DATA
 0002:000004d0 00000008H .CRT$XIC                DATA
 0002:000004d8 00000008H .CRT$XIZ                DATA
 0002:000004e0 00000720H .rdata                  DATA
 0002:00000c00 00000008H .rtc$IAA                DATA
 0002:00000c08 00000008H .rtc$IZZ                DATA
 0002:00000c10 00000008H .rtc$TAA                DATA
 0002:00000c18 00000008H .rtc$TZZ                DATA
 0002:00000c20 000008b0H .xdata                  DATA
 0002:000014d0 00000068H .edata                  DATA
 0002:00001538 0000008cH .idata$2                DATA
 0002:000015c4 00000014H .idata$3                DATA
 0002:000015d8 000004b0H .idata$4                DATA
 0002:00001a88 00000d56H .idata$6                DATA
 0003:00000000 00002514H .data                   DATA
 0003:00002520 000006b8H .bss                    DATA
 0004:00000000 00000a20H .pdata                  DATA

  Address         Publics by Value              Rva+Base               Lib:Object

 0000:00000000       __guard_flags              0000000000000000     <absolute>
 0000:00000000       __guard_fids_table         0000000000000000     <absolute>
 0000:00000000       ___safe_se_handler_table   0000000000000000     <absolute>
 0000:00000000       __guard_fids_count         0000000000000000     <absolute>
 0000:00000000       ___safe_se_handler_count   0000000000000000     <absolute>
 0000:00000000       __ImageBase                0000000180000000     <linker-defined>
 0001:00000000       trackVehicleNewVer7_SonarPath_initializer 0000000180001000 f   trackVehicleNewVer7_SonarPath_sfun.obj
 0001:00000010       trackVehicleNewVer7_SonarPath_terminator 0000000180001010 f   trackVehicleNewVer7_SonarPath_sfun.obj
 0001:00000020       load_trackVehicleNewVer7_SonarPath_optimization_info 0000000180001020 f   trackVehicleNewVer7_SonarPath_sfun.obj
 0001:00000070       unload_trackVehicleNewVer7_SonarPath_optimization_info 0000000180001070 f   trackVehicleNewVer7_SonarPath_sfun.obj
 0001:000000a0       sf_trackVehicleNewVer7_SonarPath_method_dispatcher 00000001800010a0 f   trackVehicleNewVer7_SonarPath_sfun.obj
 0001:000000f0       sf_trackVehicleNewVer7_SonarPath_uses_exported_functions 00000001800010f0 f   trackVehicleNewVer7_SonarPath_sfun.obj
 0001:00000130       sf_trackVehicleNewVer7_SonarPath_process_check_sum_call 0000000180001130 f   trackVehicleNewVer7_SonarPath_sfun.obj
 0001:000006e0       sf_trackVehicleNewVer7_SonarPath_autoinheritance_info 00000001800016e0 f   trackVehicleNewVer7_SonarPath_sfun.obj
 0001:000008c0       sf_trackVehicleNewVer7_SonarPath_get_eml_resolved_functions_info 00000001800018c0 f   trackVehicleNewVer7_SonarPath_sfun.obj
 0001:00000a40       sf_trackVehicleNewVer7_SonarPath_third_party_uses_info 0000000180001a40 f   trackVehicleNewVer7_SonarPath_sfun.obj
 0001:00000c10       sf_trackVehicleNewVer7_SonarPath_jit_fallback_info 0000000180001c10 f   trackVehicleNewVer7_SonarPath_sfun.obj
 0001:00000de0       sf_trackVehicleNewVer7_SonarPath_updateBuildInfo_args_info 0000000180001de0 f   trackVehicleNewVer7_SonarPath_sfun.obj
 0001:00000fb0       sf_trackVehicleNewVer7_SonarPath_get_post_codegen_info 0000000180001fb0 f   trackVehicleNewVer7_SonarPath_sfun.obj
 0001:000010d0       trackVehicleNewVer7_SonarPath_debug_initialize 00000001800020d0 f   trackVehicleNewVer7_SonarPath_sfun.obj
 0001:00001150       trackVehicleNewVer7_SonarPath_register_exported_symbols 0000000180002150 f   trackVehicleNewVer7_SonarPath_sfun.obj
 0001:00001160       sf_c4_trackVehicleNewVer7_SonarPath_get_eml_resolved_functions_info 0000000180002160 f   c4_trackVehicleNewVer7_SonarPath.obj
 0001:000011e0       sf_c4_trackVehicleNewVer7_SonarPath_get_check_sum 00000001800021e0 f   c4_trackVehicleNewVer7_SonarPath.obj
 0001:000012b0       c4_trackVehicleNewVer7_SonarPath_method_dispatcher 00000001800022b0 f   c4_trackVehicleNewVer7_SonarPath.obj
 0001:00010080       sf_c4_trackVehicleNewVer7_SonarPath_get_post_codegen_info 0000000180011080 f   c4_trackVehicleNewVer7_SonarPath.obj
 0001:00010150       sf_c4_trackVehicleNewVer7_SonarPath_get_autoinheritance_info 0000000180011150 f   c4_trackVehicleNewVer7_SonarPath.obj
 0001:00011090       sf_c4_trackVehicleNewVer7_SonarPath_third_party_uses_info 0000000180012090 f   c4_trackVehicleNewVer7_SonarPath.obj
 0001:000110c0       sf_c4_trackVehicleNewVer7_SonarPath_jit_fallback_info 00000001800120c0 f   c4_trackVehicleNewVer7_SonarPath.obj
 0001:00011250       sf_c4_trackVehicleNewVer7_SonarPath_updateBuildInfo_args_info 0000000180012250 f   c4_trackVehicleNewVer7_SonarPath.obj
 0001:00011f90       mexFunction                0000000180012f90 f   trackVehicleNewVer7_SonarPath_sfun_registry.obj
 0001:00013360       _ssSetInputPortDirectFeedThroughFcn 0000000180014360 f   trackVehicleNewVer7_SonarPath_sfun_registry.obj
 0001:000134c0       _ssGetInputPortSignalPtrsFcn 00000001800144c0 f   trackVehicleNewVer7_SonarPath_sfun_registry.obj
 0001:000136e0       _ssGetInputPortSignalFcn   00000001800146e0 f   trackVehicleNewVer7_SonarPath_sfun_registry.obj
 0001:00013900       _ssSetInputPortReusableFcn 0000000180014900 f   trackVehicleNewVer7_SonarPath_sfun_registry.obj
 0001:000139e0       _ssSetOutputPortReusableFcn 00000001800149e0 f   trackVehicleNewVer7_SonarPath_sfun_registry.obj
 0001:00013ac0       _ssSetSymbolicDimsSupport  0000000180014ac0 f   trackVehicleNewVer7_SonarPath_sfun_registry.obj
 0001:00013b30       _ssRegisterSymbolicDimsExpr 0000000180014b30 f   trackVehicleNewVer7_SonarPath_sfun_registry.obj
 0001:00013bb0       _ssRegisterSymbolicDims    0000000180014bb0 f   trackVehicleNewVer7_SonarPath_sfun_registry.obj
 0001:00013c50       _ssRegisterSymbolicDimsString 0000000180014c50 f   trackVehicleNewVer7_SonarPath_sfun_registry.obj
 0001:00013cd0       _ssRegisterSymbolicDimsIntValue 0000000180014cd0 f   trackVehicleNewVer7_SonarPath_sfun_registry.obj
 0001:00013d40       _ssRegisterSymbolicDimsPlus 0000000180014d40 f   trackVehicleNewVer7_SonarPath_sfun_registry.obj
 0001:00013dc0       _ssRegisterSymbolicDimsMinus 0000000180014dc0 f   trackVehicleNewVer7_SonarPath_sfun_registry.obj
 0001:00013e40       _ssRegisterSymbolicDimsMultiply 0000000180014e40 f   trackVehicleNewVer7_SonarPath_sfun_registry.obj
 0001:00013ec0       _ssRegisterSymbolicDimsDivide 0000000180014ec0 f   trackVehicleNewVer7_SonarPath_sfun_registry.obj
 0001:00013f40       _ssGetNumSymbolicDims      0000000180014f40 f   trackVehicleNewVer7_SonarPath_sfun_registry.obj
 0001:00013fb0       _ssGetSymbolicDim          0000000180014fb0 f   trackVehicleNewVer7_SonarPath_sfun_registry.obj
 0001:00014030       _ssSetInputPortSymbolicDimsId 0000000180015030 f   trackVehicleNewVer7_SonarPath_sfun_registry.obj
 0001:000140a0       _ssGetCompInputPortSymbolicDimsId 00000001800150a0 f   trackVehicleNewVer7_SonarPath_sfun_registry.obj
 0001:00014110       _ssSetCompInputPortSymbolicDimsId 0000000180015110 f   trackVehicleNewVer7_SonarPath_sfun_registry.obj
 0001:00014180       _ssSetOutputPortSymbolicDimsId 0000000180015180 f   trackVehicleNewVer7_SonarPath_sfun_registry.obj
 0001:000141f0       _ssGetCompOutputPortSymbolicDimsId 00000001800151f0 f   trackVehicleNewVer7_SonarPath_sfun_registry.obj
 0001:00014260       _ssSetCompOutputPortSymbolicDimsId 0000000180015260 f   trackVehicleNewVer7_SonarPath_sfun_registry.obj
 0001:000142d0       _ssSetCompDWorkSymbolicDimsId 00000001800152d0 f   trackVehicleNewVer7_SonarPath_sfun_registry.obj
 0001:00014340       ssGetIsZeroCrossControlDisabled 0000000180015340 f   trackVehicleNewVer7_SonarPath_sfun_registry.obj
 0001:000143b0       ssSetIsInputPortUsedForContZcSignal 00000001800153b0 f   trackVehicleNewVer7_SonarPath_sfun_registry.obj
 0001:00014420       ssSetZcSignalIsZcElementDisc 0000000180015420 f   trackVehicleNewVer7_SonarPath_sfun_registry.obj
 0001:000144d0       ssSetZcSignalName          00000001800154d0 f   trackVehicleNewVer7_SonarPath_sfun_registry.obj
 0001:00014540       ssSetZcSignalWidth         0000000180015540 f   trackVehicleNewVer7_SonarPath_sfun_registry.obj
 0001:000145b0       ssSetZcSignalZcEventType   00000001800155b0 f   trackVehicleNewVer7_SonarPath_sfun_registry.obj
 0001:00014620       ssSetZcSignalType          0000000180015620 f   trackVehicleNewVer7_SonarPath_sfun_registry.obj
 0001:00014690       ssSetZcSignalZcTol         0000000180015690 f   trackVehicleNewVer7_SonarPath_sfun_registry.obj
 0001:00014700       ssSetZcSignalNeedsEventNotification 0000000180015700 f   trackVehicleNewVer7_SonarPath_sfun_registry.obj
 0001:00014770       ssCreateAndAddZcSignalInfo 0000000180015770 f   trackVehicleNewVer7_SonarPath_sfun_registry.obj
 0001:000147e0       ssCloneAndAddZcSignalInfo  00000001800157e0 f   trackVehicleNewVer7_SonarPath_sfun_registry.obj
 0001:00014850       ssGetNumZcSignals          0000000180015850 f   trackVehicleNewVer7_SonarPath_sfun_registry.obj
 0001:000148c0       ssGetZcSignalVector        00000001800158c0 f   trackVehicleNewVer7_SonarPath_sfun_registry.obj
 0001:00014930       ssGetZcSignalName          0000000180015930 f   trackVehicleNewVer7_SonarPath_sfun_registry.obj
 0001:000149a0       ssGetZcSignalWidth         00000001800159a0 f   trackVehicleNewVer7_SonarPath_sfun_registry.obj
 0001:00014a10       ssGetZcSignalZcEventType   0000000180015a10 f   trackVehicleNewVer7_SonarPath_sfun_registry.obj
 0001:00014a80       ssGetZcSignalZcEvents      0000000180015a80 f   trackVehicleNewVer7_SonarPath_sfun_registry.obj
 0001:00014af0       ssGetZcSignalType          0000000180015af0 f   trackVehicleNewVer7_SonarPath_sfun_registry.obj
 0001:00014b60       ssGetZcSignalZcTol         0000000180015b60 f   trackVehicleNewVer7_SonarPath_sfun_registry.obj
 0001:00014be0       ssGetZcSignalNeedsEventNotification 0000000180015be0 f   trackVehicleNewVer7_SonarPath_sfun_registry.obj
 0001:00014c50       ssGetZcSignalIsZcElementDisc 0000000180015c50 f   trackVehicleNewVer7_SonarPath_sfun_registry.obj
 0001:00014cf0       ssGetIsInputPortElementContinuous 0000000180015cf0 f   trackVehicleNewVer7_SonarPath_sfun_registry.obj
 0001:00014d90       ssGetDTypeIdFromMxArray    0000000180015d90 f   trackVehicleNewVer7_SonarPath_sfun_registry.obj
 0001:00014eb0       ssWriteRTWStr              0000000180015eb0 f   trackVehicleNewVer7_SonarPath_sfun_registry.obj
 0001:00014f10       ssWriteRTWNameValuePair    0000000180015f10 f   trackVehicleNewVer7_SonarPath_sfun_registry.obj
 0001:00015410       ssWriteRTWParamSettings    0000000180016410 f   trackVehicleNewVer7_SonarPath_sfun_registry.obj
 0001:00015b00       ssWriteRTWParameters       0000000180016b00 f   trackVehicleNewVer7_SonarPath_sfun_registry.obj
 0001:000160d0       ssWriteRTWWorkVect         00000001800170d0 f   trackVehicleNewVer7_SonarPath_sfun_registry.obj
 0001:000165c0       ssWriteRTWMxVectParam      00000001800175c0 f   trackVehicleNewVer7_SonarPath_sfun_registry.obj
 0001:00016640       ssWriteRTWMx2dMatParam     0000000180017640 f   trackVehicleNewVer7_SonarPath_sfun_registry.obj
 0001:000166d0       _ssSetInputPortMatrixDimensions 00000001800176d0 f   trackVehicleNewVer7_SonarPath_sfun_registry.obj
 0001:000167d0       _ssSetOutputPortMatrixDimensions 00000001800177d0 f   trackVehicleNewVer7_SonarPath_sfun_registry.obj
 0001:000168d0       _ssSetInputPortVectorDimension 00000001800178d0 f   trackVehicleNewVer7_SonarPath_sfun_registry.obj
 0001:00016980       _ssSetOutputPortVectorDimension 0000000180017980 f   trackVehicleNewVer7_SonarPath_sfun_registry.obj
 0001:00016a30       ssIsRunTimeParamTunable    0000000180017a30 f   trackVehicleNewVer7_SonarPath_sfun_registry.obj
 0001:00016aa0       ssGetSFuncBlockHandle      0000000180017aa0 f   trackVehicleNewVer7_SonarPath_sfun_registry.obj
 0001:00016b10       _ssGetCurrentInputPortWidth 0000000180017b10 f   trackVehicleNewVer7_SonarPath_sfun_registry.obj
 0001:00016c30       _ssGetCurrentOutputPortWidth 0000000180017c30 f   trackVehicleNewVer7_SonarPath_sfun_registry.obj
 0001:00016d50       _ssGetCallSystemNumFcnCallDestinations 0000000180017d50 f   trackVehicleNewVer7_SonarPath_sfun_registry.obj
 0001:00016dc0       ssWarning                  0000000180017dc0 f   trackVehicleNewVer7_SonarPath_sfun_registry.obj
 0001:00016eb0       _ssGetAbsTol               0000000180017eb0 f   trackVehicleNewVer7_SonarPath_sfun_registry.obj
 0001:00016f20       _ssSetStateAbsTol          0000000180017f20 f   trackVehicleNewVer7_SonarPath_sfun_registry.obj
 0001:00017000       sf_process_check_sum_call  0000000180018000 f   trackVehicleNewVer7_SonarPath_sfun_registry.obj
 0001:00017050       sf_process_machine_uses_exported_functions_call 0000000180018050 f   trackVehicleNewVer7_SonarPath_sfun_registry.obj
 0001:00017200       sf_process_autoinheritance_call 0000000180018200 f   trackVehicleNewVer7_SonarPath_sfun_registry.obj
 0001:00017430       sf_process_get_third_party_uses_info_call 0000000180018430 f   trackVehicleNewVer7_SonarPath_sfun_registry.obj
 0001:00017660       sf_process_get_jit_fallback_info_call 0000000180018660 f   trackVehicleNewVer7_SonarPath_sfun_registry.obj
 0001:00017890       sf_process_get_updateBuildInfo_args_info_call 0000000180018890 f   trackVehicleNewVer7_SonarPath_sfun_registry.obj
 0001:00017ac0       sf_process_get_eml_resolved_functions_info_call 0000000180018ac0 f   trackVehicleNewVer7_SonarPath_sfun_registry.obj
 0001:00017cc0       sf_process_get_post_codegen_info 0000000180018cc0 f   trackVehicleNewVer7_SonarPath_sfun_registry.obj
 0001:00017e70       sf_mex_unlock_call         0000000180018e70 f   trackVehicleNewVer7_SonarPath_sfun_registry.obj
 0001:00018150       sf_machine_global_initializer_called 0000000180019150 f   trackVehicleNewVer7_SonarPath_sfun_registry.obj
 0001:00018180       sf_machine_global_method_dispatcher 0000000180019180 f   trackVehicleNewVer7_SonarPath_sfun_registry.obj
 0001:000181e0       sf_machine_global_terminator 00000001800191e0 f   trackVehicleNewVer7_SonarPath_sfun_registry.obj
 0001:00018230       sf_register_machine_exported_symbols 0000000180019230 f   trackVehicleNewVer7_SonarPath_sfun_registry.obj
 0001:00018250       callCustomFcn              0000000180019250 f   trackVehicleNewVer7_SonarPath_sfun_registry.obj
 0001:00018260       sf_machine_global_initializer 0000000180019260 f   trackVehicleNewVer7_SonarPath_sfun_registry.obj
 0001:00018320       mdlGetSimState             0000000180019320 f   trackVehicleNewVer7_SonarPath_sfun_registry.obj
 0001:00018360       mdlSetSimState             0000000180019360 f   trackVehicleNewVer7_SonarPath_sfun_registry.obj
 0001:00018bf0       ProcessMexSfunctionEveryCall 0000000180019bf0 f   trackVehicleNewVer7_SonarPath_sfun_registry.obj
 0001:000198a6       sf_load_rtw_optimization_info 000000018001a8a6 f   sf_runtime:sf_runtime.dll
 0001:000198ac       sf_debug_initialize_machine 000000018001a8ac f   sf_runtime:sf_runtime.dll
 0001:000198b2       sf_debug_set_machine_event_thresholds 000000018001a8b2 f   sf_runtime:sf_runtime.dll
 0001:000198b8       sf_debug_set_machine_data_thresholds 000000018001a8b8 f   sf_runtime:sf_runtime.dll
 0001:000198be       sf_rtw_info_uint_prop      000000018001a8be f   sf_runtime:sf_runtime.dll
 0001:000198c4       sf_update_buildInfo        000000018001a8c4 f   sf_runtime:sf_runtime.dll
 0001:000198ca       sf_is_chart_inlinable      000000018001a8ca f   sf_runtime:sf_runtime.dll
 0001:000198d0       sf_mark_chart_reusable_outputs 000000018001a8d0 f   sf_runtime:sf_runtime.dll
 0001:000198d6       sf_mark_chart_expressionable_inputs 000000018001a8d6 f   sf_runtime:sf_runtime.dll
 0001:000198dc       sim_mode_is_rtw_gen        000000018001a8dc f   sf_runtime:sf_runtime.dll
 0001:000198e2       sim_mode_is_external       000000018001a8e2 f   sf_runtime:sf_runtime.dll
 0001:000198e8       sf_mex_listen_for_ctrl_c_with_debugger 000000018001a8e8 f   sf_runtime:sf_runtime.dll
 0001:000198ee       sf_clear_rtw_identifier    000000018001a8ee f   sf_runtime:sf_runtime.dll
 0001:000198f4       sf_set_rtw_dwork_info      000000018001a8f4 f   sf_runtime:sf_runtime.dll
 0001:000198fa       sf_get_time                000000018001a8fa f   sf_runtime:sf_runtime.dll
 0001:00019900       sf_is_first_init_cond      000000018001a900 f   sf_runtime:sf_runtime.dll
 0001:00019906       sf_mex_printf              000000018001a906 f   sf_runtime:sf_runtime.dll
 0001:0001990c       sf_mex_call_debug          000000018001a90c f   sf_runtime:sf_runtime.dll
 0001:00019912       sf_mex_error_message       000000018001a912 f   sf_runtime:sf_runtime.dll
 0001:00019918       sf_mex_create              000000018001a918 f   sf_runtime:sf_runtime.dll
 0001:0001991e       sf_mex_createcellmatrix    000000018001a91e f   sf_runtime:sf_runtime.dll
 0001:00019924       sf_mex_setcell             000000018001a924 f   sf_runtime:sf_runtime.dll
 0001:0001992a       sf_mex_getcell             000000018001a92a f   sf_runtime:sf_runtime.dll
 0001:00019930       sf_mex_assign              000000018001a930 f   sf_runtime:sf_runtime.dll
 0001:00019936       sf_mex_dup                 000000018001a936 f   sf_runtime:sf_runtime.dll
 0001:0001993c       sf_mex_destroy             000000018001a93c f   sf_runtime:sf_runtime.dll
 0001:00019942       sf_mex_import              000000018001a942 f   sf_runtime:sf_runtime.dll
 0001:00019948       sf_mex_import_vs           000000018001a948 f   sf_runtime:sf_runtime.dll
 0001:0001994e       sf_mex_decode_encoded_mx_struct_array 000000018001a94e f   sf_runtime:sf_runtime.dll
 0001:00019954       ssGetInputPortSignal_wrapper 000000018001a954 f   sf_runtime:sf_runtime.dll
 0001:0001995a       ssGetOutputPortSignal_wrapper 000000018001a95a f   sf_runtime:sf_runtime.dll
 0001:00019960       sf_runtime_overflow_check_is_on 000000018001a960 f   sf_runtime:sf_runtime.dll
 0001:00019966       sf_debug_initialize_chart  000000018001a966 f   sf_runtime:sf_runtime.dll
 0001:0001996c       sf_debug_call              000000018001a96c f   sf_runtime:sf_runtime.dll
 0001:00019972       eml_debug_line_call        000000018001a972 f   sf_runtime:sf_runtime.dll
 0001:00019978       cv_eml_eval                000000018001a978 f   sf_runtime:sf_runtime.dll
 0001:0001997e       cv_eval_relational         000000018001a97e f   sf_runtime:sf_runtime.dll
 0001:00019984       cv_eml_init_script         000000018001a984 f   sf_runtime:sf_runtime.dll
 0001:0001998a       cv_eml_init_fcn            000000018001a98a f   sf_runtime:sf_runtime.dll
 0001:00019990       cv_eml_init_if             000000018001a990 f   sf_runtime:sf_runtime.dll
 0001:00019996       cv_eml_init_for            000000018001a996 f   sf_runtime:sf_runtime.dll
 0001:0001999c       cv_eml_init_while          000000018001a99c f   sf_runtime:sf_runtime.dll
 0001:000199a2       cv_eml_init_mcdc           000000018001a9a2 f   sf_runtime:sf_runtime.dll
 0001:000199a8       cv_eml_init_relational     000000018001a9a8 f   sf_runtime:sf_runtime.dll
 0001:000199ae       sf_debug_reset_current_state_configuration 000000018001a9ae f   sf_runtime:sf_runtime.dll
 0001:000199b4       sf_debug_check_for_state_inconsistency 000000018001a9b4 f   sf_runtime:sf_runtime.dll
 0001:000199ba       sf_debug_set_chart_data_props 000000018001a9ba f   sf_runtime:sf_runtime.dll
 0001:000199c0       sf_debug_set_chart_data_compiled_props 000000018001a9c0 f   sf_runtime:sf_runtime.dll
 0001:000199c6       sf_debug_symbol_scope_push 000000018001a9c6 f   sf_runtime:sf_runtime.dll
 0001:000199cc       sf_debug_symbol_scope_push_eml 000000018001a9cc f   sf_runtime:sf_runtime.dll
 0001:000199d2       sf_debug_symbol_scope_pop  000000018001a9d2 f   sf_runtime:sf_runtime.dll
 0001:000199d8       sf_debug_symbol_scope_add_eml 000000018001a9d8 f   sf_runtime:sf_runtime.dll
 0001:000199de       sf_debug_symbol_scope_add_eml_importable 000000018001a9de f   sf_runtime:sf_runtime.dll
 0001:000199e4       sf_debug_symbol_scope_add_eml_dyn_importable 000000018001a9e4 f   sf_runtime:sf_runtime.dll
 0001:000199ea       sf_debug_symbol_switch     000000018001a9ea f   sf_runtime:sf_runtime.dll
 0001:000199f0       sf_debug_set_instance_data_value_ptr 000000018001a9f0 f   sf_runtime:sf_runtime.dll
 0001:000199f6       sf_debug_set_chart_disable_implicit_casting 000000018001a9f6 f   sf_runtime:sf_runtime.dll
 0001:000199fc       sf_debug_set_chart_event_thresholds 000000018001a9fc f   sf_runtime:sf_runtime.dll
 0001:00019a02       sf_debug_set_chart_state_info 000000018001aa02 f   sf_runtime:sf_runtime.dll
 0001:00019a08       sf_debug_set_chart_decomposition 000000018001aa08 f   sf_runtime:sf_runtime.dll
 0001:00019a0e       sf_debug_set_chart_substate_count 000000018001aa0e f   sf_runtime:sf_runtime.dll
 0001:00019a14       sf_debug_eml_data_array_bounds_error_check 000000018001aa14 f   sf_runtime:sf_runtime.dll
 0001:00019a1a       sf_debug_integer_check     000000018001aa1a f   sf_runtime:sf_runtime.dll
 0001:00019a20       sf_debug_data_range_wrapper 000000018001aa20 f   sf_runtime:sf_runtime.dll
 0001:00019a26       sf_debug_cv_init_trans     000000018001aa26 f   sf_runtime:sf_runtime.dll
 0001:00019a2c       sf_debug_cv_init_chart     000000018001aa2c f   sf_runtime:sf_runtime.dll
 0001:00019a32       sf_debug_cv_init_state     000000018001aa32 f   sf_runtime:sf_runtime.dll
 0001:00019a38       sf_debug_overflow_detection 000000018001aa38 f   sf_runtime:sf_runtime.dll
 0001:00019a3e       callMdlMethodAndReportError 000000018001aa3e f   sf_runtime:sf_runtime.dll
 0001:00019a44       call_sf_machine_global_method_dispatcher 000000018001aa44 f   sf_runtime:sf_runtime.dll
 0001:00019a4a       sf_mex_error_direct_call   000000018001aa4a f   sf_runtime:sf_runtime.dll
 0001:00019a50       sf_clear_error_manager_info 000000018001aa50 f   sf_runtime:sf_runtime.dll
 0001:00019a56       sf_debug_create_debug_instance_struct 000000018001aa56 f   sf_runtime:sf_runtime.dll
 0001:00019a5c       sf_debug_terminate         000000018001aa5c f   sf_runtime:sf_runtime.dll
 0001:00019a62       sf_debug_api               000000018001aa62 f   sf_runtime:sf_runtime.dll
 0001:00019a68       mxIsChar                   000000018001aa68 f   libmx:libmx.dll
 0001:00019a6e       mxGetPr                    000000018001aa6e f   libmx:libmx.dll
 0001:00019a74       mxGetScalar                000000018001aa74 f   libmx:libmx.dll
 0001:00019a7a       mxDestroyArray             000000018001aa7a f   libmx:libmx.dll
 0001:00019a80       mxCreateDoubleMatrix_730   000000018001aa80 f   libmx:libmx.dll
 0001:00019a86       mxCreateLogicalScalar      000000018001aa86 f   libmx:libmx.dll
 0001:00019a8c       mxGetString_730            000000018001aa8c f   libmx:libmx.dll
 0001:00019a92       mxDuplicateArray           000000018001aa92 f   libmx:libmx.dll
 0001:00019a98       mxSetField_730             000000018001aa98 f   libmx:libmx.dll
 0001:00019a9e       mxCreateDoubleScalar       000000018001aa9e f   libmx:libmx.dll
 0001:00019aa4       mxCreateString             000000018001aaa4 f   libmx:libmx.dll
 0001:00019aaa       mxCreateCellMatrix_730     000000018001aaaa f   libmx:libmx.dll
 0001:00019ab0       mxCreateCellArray_730      000000018001aab0 f   libmx:libmx.dll
 0001:00019ab6       mxCreateStructMatrix_730   000000018001aab6 f   libmx:libmx.dll
 0001:00019abc       mxCreateStructArray_730    000000018001aabc f   libmx:libmx.dll
 0001:00019ac2       mxGetInf                   000000018001aac2 f   libmx:libmx.dll
 0001:00019ac8       mxCalloc                   000000018001aac8 f   libmx:libmx.dll
 0001:00019ace       mxGetM                     000000018001aace f   libmx:libmx.dll
 0001:00019ad4       mxGetClassID               000000018001aad4 f   libmx:libmx.dll
 0001:00019ada       mxIsNumeric                000000018001aada f   libmx:libmx.dll
 0001:00019ae0       mxIsComplex                000000018001aae0 f   libmx:libmx.dll
 0001:00019ae6       mxGetN                     000000018001aae6 f   libmx:libmx.dll
 0001:00019aec       mexMakeArrayPersistent     000000018001aaec f   libmex:libmex.dll
 0001:00019af2       mexErrMsgTxt               000000018001aaf2 f   libmex:libmex.dll
 0001:00019af8       mexWarnMsgTxt              000000018001aaf8 f   libmex:libmex.dll
 0001:00019afe       mexCallMATLABWithObject    000000018001aafe f   libmex:libmex.dll
 0001:00019b04       mexLock                    000000018001ab04 f   libmex:libmex.dll
 0001:00019b0a       mexUnlock                  000000018001ab0a f   libmex:libmex.dll
 0001:00019b10       mexIsLocked                000000018001ab10 f   libmex:libmex.dll
 0001:00019b16       utMalloc                   000000018001ab16 f   libut:libut.dll
 0001:00019b1c       utFree                     000000018001ab1c f   libut:libut.dll
 0001:00019b22       muDoubleScalarFloor        000000018001ab22 f   libmwmathutil:libmwmathutil.dll
 0001:00019b28       muDoubleScalarMax          000000018001ab28 f   libmwmathutil:libmwmathutil.dll
 0001:00019b2e       muDoubleScalarSqrt         000000018001ab2e f   libmwmathutil:libmwmathutil.dll
 0001:00019b34       __raise_securityfailure    000000018001ab34 f   MSVCRT:gs_report.obj
 0001:00019b80       __report_gsfailure         000000018001ab80 f   MSVCRT:gs_report.obj
 0001:00019c54       __report_rangecheckfailure 000000018001ac54 f   MSVCRT:gs_report.obj
 0001:00019c68       __report_securityfailure   000000018001ac68 f   MSVCRT:gs_report.obj
 0001:00019d04       __report_securityfailureEx 000000018001ad04 f   MSVCRT:gs_report.obj
 0001:00019e12       strcmp                     000000018001ae12 f   MSVCRT:MSVCR120.dll
 0001:00019e18       __GSHandlerCheck           000000018001ae18 f   MSVCRT:gshandler.obj
 0001:00019e38       __GSHandlerCheckCommon     000000018001ae38 f   MSVCRT:gshandler.obj
 0001:00019eb0       __security_check_cookie    000000018001aeb0 f   MSVCRT:amdsecgs.obj
 0001:00019ed0       memset                     000000018001aed0 f   MSVCRT:MSVCR120.dll
 0001:00019ef0       _alloca_probe              000000018001aef0 f   MSVCRT:chkstk.obj
 0001:00019ef0       __chkstk                   000000018001aef0 f   MSVCRT:chkstk.obj
 0001:00019f3e       memcpy                     000000018001af3e f   MSVCRT:MSVCR120.dll
 0001:00019f44       strcat                     000000018001af44 f   MSVCRT:MSVCR120.dll
 0001:00019f4a       strlen                     000000018001af4a f   MSVCRT:MSVCR120.dll
 0001:00019f50       sprintf                    000000018001af50 f   MSVCRT:MSVCR120.dll
 0001:00019f56       free                       000000018001af56 f   MSVCRT:MSVCR120.dll
 0001:00019f5c       malloc                     000000018001af5c f   MSVCRT:MSVCR120.dll
 0001:00019fc4       NtCurrentTeb               000000018001afc4 f i MSVCRT:crtdll.obj
 0001:00019fd0       _CRT_INIT                  000000018001afd0 f   MSVCRT:crtdll.obj
 0001:0001a21c       _DllMainCRTStartup         000000018001b21c f   MSVCRT:crtdll.obj
 0001:0001a392       __crt_debugger_hook        000000018001b392 f   MSVCRT:MSVCR120.dll
 0001:0001a398       __crtUnhandledException    000000018001b398 f   MSVCRT:MSVCR120.dll
 0001:0001a39e       __crtTerminateProcess      000000018001b39e f   MSVCRT:MSVCR120.dll
 0001:0001a3a4       __crtCaptureCurrentContext 000000018001b3a4 f   MSVCRT:MSVCR120.dll
 0001:0001a3aa       __crtCapturePreviousContext 000000018001b3aa f   MSVCRT:MSVCR120.dll
 0001:0001a3b0       __CppXcptFilter            000000018001b3b0 f   MSVCRT:MSVCR120.dll
 0001:0001a3b6       _amsg_exit                 000000018001b3b6 f   MSVCRT:MSVCR120.dll
 0001:0001a3c0       _FindPESection             000000018001b3c0 f   MSVCRT:pesect.obj
 0001:0001a410       _IsNonwritableInCurrentImage 000000018001b410 f   MSVCRT:pesect.obj
 0001:0001a460       _ValidateImageBase         000000018001b460 f   MSVCRT:pesect.obj
 0001:0001a490       __atonexitinit             000000018001b490 f   MSVCRT:atonexit.obj
 0001:0001a4e0       _onexit                    000000018001b4e0 f   MSVCRT:atonexit.obj
 0001:0001a590       atexit                     000000018001b590 f   MSVCRT:atonexit.obj
 0001:0001a5a8       __security_init_cookie     000000018001b5a8 f   MSVCRT:gs_support.obj
 0001:0001a654       DllMain                    000000018001b654 f   MSVCRT:dllmain.obj
 0001:0001a678       _malloc_crt                000000018001b678 f   MSVCRT:MSVCR120.dll
 0001:0001a680       _RTC_Initialize            000000018001b680 f   MSVCRT:initsect.obj
 0001:0001a6b8       _RTC_Terminate             000000018001b6b8 f   MSVCRT:initsect.obj
 0001:0001a6f0       _initterm                  000000018001b6f0 f   MSVCRT:MSVCR120.dll
 0001:0001a6f6       _initterm_e                000000018001b6f6 f   MSVCRT:MSVCR120.dll
 0001:0001a6fc       __clean_type_info_names    000000018001b6fc f   MSVCRT:tncleanup.obj
 0001:0001a708       __C_specific_handler       000000018001b708 f   MSVCRT:MSVCR120.dll
 0001:0001a70e       _lock                      000000018001b70e f   MSVCRT:MSVCR120.dll
 0001:0001a714       _unlock                    000000018001b714 f   MSVCRT:MSVCR120.dll
 0001:0001a71a       _calloc_crt                000000018001b71a f   MSVCRT:MSVCR120.dll
 0001:0001a720       __dllonexit                000000018001b720 f   MSVCRT:MSVCR120.dll
 0001:0001a726       __clean_type_info_names_internal 000000018001b726 f   MSVCRT:MSVCR120.dll
 0001:0001a72c       IsDebuggerPresent          000000018001b72c f   kernel32:KERNEL32.dll
 0001:0001a732       IsProcessorFeaturePresent  000000018001b732 f   kernel32:KERNEL32.dll
 0001:0001a738       EncodePointer              000000018001b738 f   kernel32:KERNEL32.dll
 0001:0001a73e       DecodePointer              000000018001b73e f   kernel32:KERNEL32.dll
 0001:0001a744       QueryPerformanceCounter    000000018001b744 f   kernel32:KERNEL32.dll
 0001:0001a74a       GetCurrentProcessId        000000018001b74a f   kernel32:KERNEL32.dll
 0001:0001a750       GetCurrentThreadId         000000018001b750 f   kernel32:KERNEL32.dll
 0001:0001a756       GetSystemTimeAsFileTime    000000018001b756 f   kernel32:KERNEL32.dll
 0001:0001a75c       DisableThreadLibraryCalls  000000018001b75c f   kernel32:KERNEL32.dll
 0002:00000000       __imp_GetSystemTimeAsFileTime 000000018001c000     kernel32:KERNEL32.dll
 0002:00000008       __imp_GetCurrentThreadId   000000018001c008     kernel32:KERNEL32.dll
 0002:00000010       __imp_GetCurrentProcessId  000000018001c010     kernel32:KERNEL32.dll
 0002:00000018       __imp_QueryPerformanceCounter 000000018001c018     kernel32:KERNEL32.dll
 0002:00000020       __imp_DecodePointer        000000018001c020     kernel32:KERNEL32.dll
 0002:00000028       __imp_EncodePointer        000000018001c028     kernel32:KERNEL32.dll
 0002:00000030       __imp_IsProcessorFeaturePresent 000000018001c030     kernel32:KERNEL32.dll
 0002:00000038       __imp_IsDebuggerPresent    000000018001c038     kernel32:KERNEL32.dll
 0002:00000040       __imp_DisableThreadLibraryCalls 000000018001c040     kernel32:KERNEL32.dll
 0002:00000048       \177KERNEL32_NULL_THUNK_DATA 000000018001c048     kernel32:KERNEL32.dll
 0002:00000050       __imp___clean_type_info_names_internal 000000018001c050     MSVCRT:MSVCR120.dll
 0002:00000058       __imp__onexit              000000018001c058     MSVCRT:MSVCR120.dll
 0002:00000060       __imp___dllonexit          000000018001c060     MSVCRT:MSVCR120.dll
 0002:00000068       __imp__calloc_crt          000000018001c068     MSVCRT:MSVCR120.dll
 0002:00000070       __imp__unlock              000000018001c070     MSVCRT:MSVCR120.dll
 0002:00000078       __imp__lock                000000018001c078     MSVCRT:MSVCR120.dll
 0002:00000080       __imp___C_specific_handler 000000018001c080     MSVCRT:MSVCR120.dll
 0002:00000088       __imp__initterm_e          000000018001c088     MSVCRT:MSVCR120.dll
 0002:00000090       __imp__initterm            000000018001c090     MSVCRT:MSVCR120.dll
 0002:00000098       __imp__malloc_crt          000000018001c098     MSVCRT:MSVCR120.dll
 0002:000000a0       __imp__amsg_exit           000000018001c0a0     MSVCRT:MSVCR120.dll
 0002:000000a8       __imp___CppXcptFilter      000000018001c0a8     MSVCRT:MSVCR120.dll
 0002:000000b0       __imp___crtCapturePreviousContext 000000018001c0b0     MSVCRT:MSVCR120.dll
 0002:000000b8       __imp___crtCaptureCurrentContext 000000018001c0b8     MSVCRT:MSVCR120.dll
 0002:000000c0       __imp___crtTerminateProcess 000000018001c0c0     MSVCRT:MSVCR120.dll
 0002:000000c8       __imp___crtUnhandledException 000000018001c0c8     MSVCRT:MSVCR120.dll
 0002:000000d0       __imp___crt_debugger_hook  000000018001c0d0     MSVCRT:MSVCR120.dll
 0002:000000d8       __imp_malloc               000000018001c0d8     MSVCRT:MSVCR120.dll
 0002:000000e0       __imp_free                 000000018001c0e0     MSVCRT:MSVCR120.dll
 0002:000000e8       __imp_sprintf              000000018001c0e8     MSVCRT:MSVCR120.dll
 0002:000000f0       __imp_strlen               000000018001c0f0     MSVCRT:MSVCR120.dll
 0002:000000f8       __imp_strcat               000000018001c0f8     MSVCRT:MSVCR120.dll
 0002:00000100       __imp_memcpy               000000018001c100     MSVCRT:MSVCR120.dll
 0002:00000108       __imp_memset               000000018001c108     MSVCRT:MSVCR120.dll
 0002:00000110       __imp_strcmp               000000018001c110     MSVCRT:MSVCR120.dll
 0002:00000118       \177MSVCR120_NULL_THUNK_DATA 000000018001c118     MSVCRT:MSVCR120.dll
 0002:00000120       __imp_mexUnlock            000000018001c120     libmex:libmex.dll
 0002:00000128       __imp_mexErrMsgTxt         000000018001c128     libmex:libmex.dll
 0002:00000130       __imp_mexWarnMsgTxt        000000018001c130     libmex:libmex.dll
 0002:00000138       __imp_mexCallMATLABWithObject 000000018001c138     libmex:libmex.dll
 0002:00000140       __imp_mexIsLocked          000000018001c140     libmex:libmex.dll
 0002:00000148       __imp_mexMakeArrayPersistent 000000018001c148     libmex:libmex.dll
 0002:00000150       __imp_mexLock              000000018001c150     libmex:libmex.dll
 0002:00000158       \177libmex_NULL_THUNK_DATA 000000018001c158     libmex:libmex.dll
 0002:00000160       __imp_muDoubleScalarMax    000000018001c160     libmwmathutil:libmwmathutil.dll
 0002:00000168       __imp_muDoubleScalarSqrt   000000018001c168     libmwmathutil:libmwmathutil.dll
 0002:00000170       __imp_muDoubleScalarFloor  000000018001c170     libmwmathutil:libmwmathutil.dll
 0002:00000178       \177libmwmathutil_NULL_THUNK_DATA 000000018001c178     libmwmathutil:libmwmathutil.dll
 0002:00000180       __imp_mxGetN               000000018001c180     libmx:libmx.dll
 0002:00000188       __imp_mxIsComplex          000000018001c188     libmx:libmx.dll
 0002:00000190       __imp_mxIsNumeric          000000018001c190     libmx:libmx.dll
 0002:00000198       __imp_mxGetClassID         000000018001c198     libmx:libmx.dll
 0002:000001a0       __imp_mxGetM               000000018001c1a0     libmx:libmx.dll
 0002:000001a8       __imp_mxCalloc             000000018001c1a8     libmx:libmx.dll
 0002:000001b0       __imp_mxGetInf             000000018001c1b0     libmx:libmx.dll
 0002:000001b8       __imp_mxCreateStructArray_730 000000018001c1b8     libmx:libmx.dll
 0002:000001c0       __imp_mxCreateStructMatrix_730 000000018001c1c0     libmx:libmx.dll
 0002:000001c8       __imp_mxCreateCellArray_730 000000018001c1c8     libmx:libmx.dll
 0002:000001d0       __imp_mxCreateCellMatrix_730 000000018001c1d0     libmx:libmx.dll
 0002:000001d8       __imp_mxCreateString       000000018001c1d8     libmx:libmx.dll
 0002:000001e0       __imp_mxCreateDoubleScalar 000000018001c1e0     libmx:libmx.dll
 0002:000001e8       __imp_mxSetField_730       000000018001c1e8     libmx:libmx.dll
 0002:000001f0       __imp_mxDuplicateArray     000000018001c1f0     libmx:libmx.dll
 0002:000001f8       __imp_mxGetString_730      000000018001c1f8     libmx:libmx.dll
 0002:00000200       __imp_mxCreateLogicalScalar 000000018001c200     libmx:libmx.dll
 0002:00000208       __imp_mxCreateDoubleMatrix_730 000000018001c208     libmx:libmx.dll
 0002:00000210       __imp_mxGetScalar          000000018001c210     libmx:libmx.dll
 0002:00000218       __imp_mxGetPr              000000018001c218     libmx:libmx.dll
 0002:00000220       __imp_mxIsChar             000000018001c220     libmx:libmx.dll
 0002:00000228       __imp_mxDestroyArray       000000018001c228     libmx:libmx.dll
 0002:00000230       \177libmx_NULL_THUNK_DATA  000000018001c230     libmx:libmx.dll
 0002:00000238       __imp_utMalloc             000000018001c238     libut:libut.dll
 0002:00000240       __imp_utFree               000000018001c240     libut:libut.dll
 0002:00000248       \177libut_NULL_THUNK_DATA  000000018001c248     libut:libut.dll
 0002:00000250       __imp_sim_mode_is_rtw_gen  000000018001c250     sf_runtime:sf_runtime.dll
 0002:00000258       __imp_sf_mex_error_direct_call 000000018001c258     sf_runtime:sf_runtime.dll
 0002:00000260       __imp_call_sf_machine_global_method_dispatcher 000000018001c260     sf_runtime:sf_runtime.dll
 0002:00000268       __imp_callMdlMethodAndReportError 000000018001c268     sf_runtime:sf_runtime.dll
 0002:00000270       __imp_sf_debug_overflow_detection 000000018001c270     sf_runtime:sf_runtime.dll
 0002:00000278       __imp_sim_mode_is_external 000000018001c278     sf_runtime:sf_runtime.dll
 0002:00000280       __imp_sf_debug_cv_init_state 000000018001c280     sf_runtime:sf_runtime.dll
 0002:00000288       __imp_sf_debug_cv_init_chart 000000018001c288     sf_runtime:sf_runtime.dll
 0002:00000290       __imp_sf_debug_cv_init_trans 000000018001c290     sf_runtime:sf_runtime.dll
 0002:00000298       __imp_sf_debug_data_range_wrapper 000000018001c298     sf_runtime:sf_runtime.dll
 0002:000002a0       __imp_sf_debug_integer_check 000000018001c2a0     sf_runtime:sf_runtime.dll
 0002:000002a8       __imp_sf_debug_eml_data_array_bounds_error_check 000000018001c2a8     sf_runtime:sf_runtime.dll
 0002:000002b0       __imp_sf_debug_set_chart_substate_count 000000018001c2b0     sf_runtime:sf_runtime.dll
 0002:000002b8       __imp_sf_debug_set_chart_decomposition 000000018001c2b8     sf_runtime:sf_runtime.dll
 0002:000002c0       __imp_sf_debug_set_chart_state_info 000000018001c2c0     sf_runtime:sf_runtime.dll
 0002:000002c8       __imp_sf_debug_set_chart_event_thresholds 000000018001c2c8     sf_runtime:sf_runtime.dll
 0002:000002d0       __imp_sf_debug_terminate   000000018001c2d0     sf_runtime:sf_runtime.dll
 0002:000002d8       __imp_sf_debug_set_instance_data_value_ptr 000000018001c2d8     sf_runtime:sf_runtime.dll
 0002:000002e0       __imp_sf_debug_symbol_switch 000000018001c2e0     sf_runtime:sf_runtime.dll
 0002:000002e8       __imp_sf_debug_symbol_scope_add_eml_dyn_importable 000000018001c2e8     sf_runtime:sf_runtime.dll
 0002:000002f0       __imp_sf_debug_symbol_scope_add_eml_importable 000000018001c2f0     sf_runtime:sf_runtime.dll
 0002:000002f8       __imp_sf_debug_symbol_scope_add_eml 000000018001c2f8     sf_runtime:sf_runtime.dll
 0002:00000300       __imp_sf_debug_symbol_scope_pop 000000018001c300     sf_runtime:sf_runtime.dll
 0002:00000308       __imp_sf_debug_symbol_scope_push_eml 000000018001c308     sf_runtime:sf_runtime.dll
 0002:00000310       __imp_sf_debug_symbol_scope_push 000000018001c310     sf_runtime:sf_runtime.dll
 0002:00000318       __imp_sf_debug_set_chart_data_compiled_props 000000018001c318     sf_runtime:sf_runtime.dll
 0002:00000320       __imp_sf_debug_set_chart_data_props 000000018001c320     sf_runtime:sf_runtime.dll
 0002:00000328       __imp_sf_debug_check_for_state_inconsistency 000000018001c328     sf_runtime:sf_runtime.dll
 0002:00000330       __imp_sf_debug_reset_current_state_configuration 000000018001c330     sf_runtime:sf_runtime.dll
 0002:00000338       __imp_cv_eml_init_relational 000000018001c338     sf_runtime:sf_runtime.dll
 0002:00000340       __imp_cv_eml_init_mcdc     000000018001c340     sf_runtime:sf_runtime.dll
 0002:00000348       __imp_cv_eml_init_while    000000018001c348     sf_runtime:sf_runtime.dll
 0002:00000350       __imp_cv_eml_init_for      000000018001c350     sf_runtime:sf_runtime.dll
 0002:00000358       __imp_sf_debug_create_debug_instance_struct 000000018001c358     sf_runtime:sf_runtime.dll
 0002:00000360       __imp_sf_debug_set_chart_disable_implicit_casting 000000018001c360     sf_runtime:sf_runtime.dll
 0002:00000368       __imp_sf_clear_error_manager_info 000000018001c368     sf_runtime:sf_runtime.dll
 0002:00000370       __imp_cv_eml_init_if       000000018001c370     sf_runtime:sf_runtime.dll
 0002:00000378       __imp_cv_eml_init_fcn      000000018001c378     sf_runtime:sf_runtime.dll
 0002:00000380       __imp_cv_eml_init_script   000000018001c380     sf_runtime:sf_runtime.dll
 0002:00000388       __imp_cv_eval_relational   000000018001c388     sf_runtime:sf_runtime.dll
 0002:00000390       __imp_cv_eml_eval          000000018001c390     sf_runtime:sf_runtime.dll
 0002:00000398       __imp_eml_debug_line_call  000000018001c398     sf_runtime:sf_runtime.dll
 0002:000003a0       __imp_sf_debug_call        000000018001c3a0     sf_runtime:sf_runtime.dll
 0002:000003a8       __imp_sf_debug_initialize_chart 000000018001c3a8     sf_runtime:sf_runtime.dll
 0002:000003b0       __imp_sf_runtime_overflow_check_is_on 000000018001c3b0     sf_runtime:sf_runtime.dll
 0002:000003b8       __imp_ssGetOutputPortSignal_wrapper 000000018001c3b8     sf_runtime:sf_runtime.dll
 0002:000003c0       __imp_ssGetInputPortSignal_wrapper 000000018001c3c0     sf_runtime:sf_runtime.dll
 0002:000003c8       __imp_sf_mex_decode_encoded_mx_struct_array 000000018001c3c8     sf_runtime:sf_runtime.dll
 0002:000003d0       __imp_sf_mex_import_vs     000000018001c3d0     sf_runtime:sf_runtime.dll
 0002:000003d8       __imp_sf_mex_import        000000018001c3d8     sf_runtime:sf_runtime.dll
 0002:000003e0       __imp_sf_mex_destroy       000000018001c3e0     sf_runtime:sf_runtime.dll
 0002:000003e8       __imp_sf_mex_dup           000000018001c3e8     sf_runtime:sf_runtime.dll
 0002:000003f0       __imp_sf_mex_assign        000000018001c3f0     sf_runtime:sf_runtime.dll
 0002:000003f8       __imp_sf_mex_getcell       000000018001c3f8     sf_runtime:sf_runtime.dll
 0002:00000400       __imp_sf_mex_setcell       000000018001c400     sf_runtime:sf_runtime.dll
 0002:00000408       __imp_sf_mex_createcellmatrix 000000018001c408     sf_runtime:sf_runtime.dll
 0002:00000410       __imp_sf_mex_create        000000018001c410     sf_runtime:sf_runtime.dll
 0002:00000418       __imp_sf_mex_error_message 000000018001c418     sf_runtime:sf_runtime.dll
 0002:00000420       __imp_sf_mex_call_debug    000000018001c420     sf_runtime:sf_runtime.dll
 0002:00000428       __imp_sf_mex_printf        000000018001c428     sf_runtime:sf_runtime.dll
 0002:00000430       __imp_sf_is_first_init_cond 000000018001c430     sf_runtime:sf_runtime.dll
 0002:00000438       __imp_sf_get_time          000000018001c438     sf_runtime:sf_runtime.dll
 0002:00000440       __imp_sf_set_rtw_dwork_info 000000018001c440     sf_runtime:sf_runtime.dll
 0002:00000448       __imp_sf_clear_rtw_identifier 000000018001c448     sf_runtime:sf_runtime.dll
 0002:00000450       __imp_sf_mex_listen_for_ctrl_c_with_debugger 000000018001c450     sf_runtime:sf_runtime.dll
 0002:00000458       __imp_sf_mark_chart_expressionable_inputs 000000018001c458     sf_runtime:sf_runtime.dll
 0002:00000460       __imp_sf_mark_chart_reusable_outputs 000000018001c460     sf_runtime:sf_runtime.dll
 0002:00000468       __imp_sf_is_chart_inlinable 000000018001c468     sf_runtime:sf_runtime.dll
 0002:00000470       __imp_sf_update_buildInfo  000000018001c470     sf_runtime:sf_runtime.dll
 0002:00000478       __imp_sf_rtw_info_uint_prop 000000018001c478     sf_runtime:sf_runtime.dll
 0002:00000480       __imp_sf_debug_set_machine_data_thresholds 000000018001c480     sf_runtime:sf_runtime.dll
 0002:00000488       __imp_sf_debug_set_machine_event_thresholds 000000018001c488     sf_runtime:sf_runtime.dll
 0002:00000490       __imp_sf_debug_initialize_machine 000000018001c490     sf_runtime:sf_runtime.dll
 0002:00000498       __imp_sf_debug_api         000000018001c498     sf_runtime:sf_runtime.dll
 0002:000004a0       __imp_sf_load_rtw_optimization_info 000000018001c4a0     sf_runtime:sf_runtime.dll
 0002:000004a8       \177sf_runtime_NULL_THUNK_DATA 000000018001c4a8     sf_runtime:sf_runtime.dll
 0002:000004b0       __xc_a                     000000018001c4b0     MSVCRT:cinitexe.obj
 0002:000004b8       __xc_z                     000000018001c4b8     MSVCRT:cinitexe.obj
 0002:000004c0       __xi_a                     000000018001c4c0     MSVCRT:cinitexe.obj
 0002:000004d8       __xi_z                     000000018001c4d8     MSVCRT:cinitexe.obj
 0002:000004e0       __real@4179268710000000    000000018001c4e0     trackVehicleNewVer7_SonarPath_sfun.obj
 0002:000004e8       __real@41b478658d000000    000000018001c4e8     trackVehicleNewVer7_SonarPath_sfun.obj
 0002:000004f0       __real@41d5b5c412800000    000000018001c4f0     trackVehicleNewVer7_SonarPath_sfun.obj
 0002:000004f8       __real@41d5f323c7800000    000000018001c4f8     trackVehicleNewVer7_SonarPath_sfun.obj
 0002:00000500       __real@41d93db96d000000    000000018001c500     trackVehicleNewVer7_SonarPath_sfun.obj
 0002:00000508       __real@41d9fbb264000000    000000018001c508     trackVehicleNewVer7_SonarPath_sfun.obj
 0002:00000510       __real@41dca0fc46800000    000000018001c510     trackVehicleNewVer7_SonarPath_sfun.obj
 0002:00000518       __real@41e2bd986bc00000    000000018001c518     trackVehicleNewVer7_SonarPath_sfun.obj
 0002:00000520       __real@41e816aa52400000    000000018001c520     trackVehicleNewVer7_SonarPath_sfun.obj
 0002:00000528       __real@41eaa63f5f400000    000000018001c528     trackVehicleNewVer7_SonarPath_sfun.obj
 0002:00000530       __real@41eac1eae9800000    000000018001c530     trackVehicleNewVer7_SonarPath_sfun.obj
 0002:00000538       __real@41ee3ecf1aa00000    000000018001c538     trackVehicleNewVer7_SonarPath_sfun.obj
 0002:00000540       __real@0000000000000000    000000018001c540     c4_trackVehicleNewVer7_SonarPath.obj
 0002:00000548       __real@3fe0000000000000    000000018001c548     c4_trackVehicleNewVer7_SonarPath.obj
 0002:00000550       __real@3ff0000000000000    000000018001c550     c4_trackVehicleNewVer7_SonarPath.obj
 0002:00000558       __real@4000000000000000    000000018001c558     c4_trackVehicleNewVer7_SonarPath.obj
 0002:00000560       __real@4008000000000000    000000018001c560     c4_trackVehicleNewVer7_SonarPath.obj
 0002:00000568       __real@4010000000000000    000000018001c568     c4_trackVehicleNewVer7_SonarPath.obj
 0002:00000570       __real@401c000000000000    000000018001c570     c4_trackVehicleNewVer7_SonarPath.obj
 0002:00000578       __real@4024000000000000    000000018001c578     c4_trackVehicleNewVer7_SonarPath.obj
 0002:00000580       __real@403e000000000000    000000018001c580     c4_trackVehicleNewVer7_SonarPath.obj
 0002:00000588       __real@408c200000000000    000000018001c588     c4_trackVehicleNewVer7_SonarPath.obj
 0002:00000590       __real@40b3880000000000    000000018001c590     c4_trackVehicleNewVer7_SonarPath.obj
 0002:00000598       __real@41bbde821c000000    000000018001c598     c4_trackVehicleNewVer7_SonarPath.obj
 0002:000005a0       __real@41d2733ce9c00000    000000018001c5a0     c4_trackVehicleNewVer7_SonarPath.obj
 0002:000005a8       __real@41ee0f7d6d400000    000000018001c5a8     c4_trackVehicleNewVer7_SonarPath.obj
 0002:000005b0       __real@41ef446cc7800000    000000018001c5b0     c4_trackVehicleNewVer7_SonarPath.obj
 0002:000005b8       __real@bff0000000000000    000000018001c5b8     c4_trackVehicleNewVer7_SonarPath.obj
 0002:000005c0       __xmm@80000000000000008000000000000000 000000018001c5c0     c4_trackVehicleNewVer7_SonarPath.obj
 0002:000005d0       _ssBadLevel2InputAccessMsg 000000018001c5d0     trackVehicleNewVer7_SonarPath_sfun_registry.obj
 0002:00000760       _ssBadLevel2DirectFeedMsg  000000018001c760     trackVehicleNewVer7_SonarPath_sfun_registry.obj
 0002:000008a0       _ssBadLevel2DirectFeedSolutionMsg 000000018001c8a0     trackVehicleNewVer7_SonarPath_sfun_registry.obj
 0002:00000910       _ssBadLevel2ZeroDirectFeedMsg 000000018001c910     trackVehicleNewVer7_SonarPath_sfun_registry.obj
 0002:00000a50       _ssBadLevel2ZeroDirectFeedMsg2 000000018001ca50     trackVehicleNewVer7_SonarPath_sfun_registry.obj
 0002:00000b38       DYNAMIC_DIMENSION_DEF      000000018001cb38     trackVehicleNewVer7_SonarPath_sfun_registry.obj
 0002:00000b50       __real@41602cbca0000000    000000018001cb50     trackVehicleNewVer7_SonarPath_sfun_registry.obj
 0002:00000b68       _pDefaultRawDllMain        000000018001cb68     MSVCRT:crtdll.obj
 0002:00000b68       _pRawDllMain               000000018001cb68     MSVCRT:crtdll.obj
 0002:00000b70       ?ProcessDetach@NativeDll@<CrtImplementationDetails>@@0IB 000000018001cb70     MSVCRT:initsect.obj
 0002:00000b74       ?ProcessAttach@NativeDll@<CrtImplementationDetails>@@0IB 000000018001cb74     MSVCRT:initsect.obj
 0002:00000b78       ?ThreadAttach@NativeDll@<CrtImplementationDetails>@@0IB 000000018001cb78     MSVCRT:initsect.obj
 0002:00000b7c       ?ThreadDetach@NativeDll@<CrtImplementationDetails>@@0IB 000000018001cb7c     MSVCRT:initsect.obj
 0002:00000b80       ?ProcessVerifier@NativeDll@<CrtImplementationDetails>@@0IB 000000018001cb80     MSVCRT:initsect.obj
 0002:00000b84       ?value@?$integral_constant@_N$0A@@std@@2_NB 000000018001cb84     MSVCRT:tncleanup.obj
 0002:00000b85       ?value@?$integral_constant@_N$00@std@@2_NB 000000018001cb85     MSVCRT:tncleanup.obj
 0002:00000b90       _load_config_used          000000018001cb90     MSVCRT:loadcfg.obj
 0002:00000c00       __rtc_iaa                  000000018001cc00     MSVCRT:initsect.obj
 0002:00000c08       __rtc_izz                  000000018001cc08     MSVCRT:initsect.obj
 0002:00000c10       __rtc_taa                  000000018001cc10     MSVCRT:initsect.obj
 0002:00000c18       __rtc_tzz                  000000018001cc18     MSVCRT:initsect.obj
 0002:00001538       __IMPORT_DESCRIPTOR_sf_runtime 000000018001d538     sf_runtime:sf_runtime.dll
 0002:0000154c       __IMPORT_DESCRIPTOR_libmx  000000018001d54c     libmx:libmx.dll
 0002:00001560       __IMPORT_DESCRIPTOR_libmex 000000018001d560     libmex:libmex.dll
 0002:00001574       __IMPORT_DESCRIPTOR_libut  000000018001d574     libut:libut.dll
 0002:00001588       __IMPORT_DESCRIPTOR_libmwmathutil 000000018001d588     libmwmathutil:libmwmathutil.dll
 0002:0000159c       __IMPORT_DESCRIPTOR_MSVCR120 000000018001d59c     MSVCRT:MSVCR120.dll
 0002:000015b0       __IMPORT_DESCRIPTOR_KERNEL32 000000018001d5b0     kernel32:KERNEL32.dll
 0002:000015c4       __NULL_IMPORT_DESCRIPTOR   000000018001d5c4     sf_runtime:sf_runtime.dll
 0003:00002030       DYNAMIC_DIMENSION          0000000180021030     trackVehicleNewVer7_SonarPath_sfun_registry.obj
 0003:000024f0       __security_cookie          00000001800214f0     MSVCRT:gs_cookie.obj
 0003:000024f8       __security_cookie_complement 00000001800214f8     MSVCRT:gs_cookie.obj
 0003:00002500       _fltused                   0000000180021500     MSVCRT:dllsupp.obj
 0003:00002510       __native_dllmain_reason    0000000180021510     MSVCRT:natstart.obj
 0003:00002540       sfGlobalDebugInstanceStruct 0000000180021540     trackVehicleNewVer7_SonarPath_sfun_registry.obj
 0003:00002b98       ?__type_info_root_node@@3U__type_info_node@@A 0000000180021b98     MSVCRT:tncleanup.obj
 0003:00002ba8       _trackVehicleNewVer7_SonarPathMachineNumber_ 0000000180021ba8     <common>
 0003:00002bb0       __native_startup_lock      0000000180021bb0     <common>
 0003:00002bb8       __native_startup_state     0000000180021bb8     <common>
 0003:00002bc0       __onexitend                0000000180021bc0     <common>
 0003:00002bc8       __onexitbegin              0000000180021bc8     <common>
 0003:00002bd0       __dyn_tls_init_callback    0000000180021bd0     <common>

 entry point at        0001:0001a21c

 Static symbols

 0000:00000000       .debug$S                   0000000180000000     sf_runtime:sf_runtime.dll
 0000:00000000       .debug$S                   0000000180000000     sf_runtime:sf_runtime.dll
 0000:00000000       .debug$S                   0000000180000000     sf_runtime:sf_runtime.dll
 0000:00000000       .debug$S                   0000000180000000     sf_runtime:sf_runtime.dll
 0000:00000000       .debug$S                   0000000180000000     sf_runtime:sf_runtime.dll
 0000:00000000       .debug$S                   0000000180000000     sf_runtime:sf_runtime.dll
 0000:00000000       .debug$S                   0000000180000000     kernel32:KERNEL32.dll
 0000:00000000       .debug$S                   0000000180000000     kernel32:KERNEL32.dll
 0000:00000000       .debug$S                   0000000180000000     kernel32:KERNEL32.dll
 0000:00000000       .debug$S                   0000000180000000     kernel32:KERNEL32.dll
 0000:00000000       .debug$S                   0000000180000000     kernel32:KERNEL32.dll
 0000:00000000       .debug$S                   0000000180000000     kernel32:KERNEL32.dll
 0000:00000000       .debug$S                   0000000180000000     kernel32:KERNEL32.dll
 0000:00000000       .debug$S                   0000000180000000     kernel32:KERNEL32.dll
 0000:00000000       .debug$S                   0000000180000000     kernel32:KERNEL32.dll
 0000:00000000       .debug$S                   0000000180000000     MSVCRT:MSVCR120.dll
 0000:00000000       .debug$S                   0000000180000000     MSVCRT:MSVCR120.dll
 0000:00000000       .debug$S                   0000000180000000     MSVCRT:MSVCR120.dll
 0000:00000000       .debug$S                   0000000180000000     MSVCRT:MSVCR120.dll
 0000:00000000       .debug$S                   0000000180000000     MSVCRT:MSVCR120.dll
 0000:00000000       .debug$S                   0000000180000000     MSVCRT:MSVCR120.dll
 0000:00000000       .debug$S                   0000000180000000     MSVCRT:MSVCR120.dll
 0000:00000000       .debug$S                   0000000180000000     MSVCRT:MSVCR120.dll
 0000:00000000       .debug$S                   0000000180000000     MSVCRT:MSVCR120.dll
 0000:00000000       .debug$S                   0000000180000000     MSVCRT:MSVCR120.dll
 0000:00000000       .debug$S                   0000000180000000     MSVCRT:MSVCR120.dll
 0000:00000000       .debug$S                   0000000180000000     MSVCRT:MSVCR120.dll
 0000:00000000       .debug$S                   0000000180000000     MSVCRT:MSVCR120.dll
 0000:00000000       .debug$S                   0000000180000000     MSVCRT:MSVCR120.dll
 0000:00000000       .debug$S                   0000000180000000     MSVCRT:MSVCR120.dll
 0000:00000000       .debug$S                   0000000180000000     MSVCRT:MSVCR120.dll
 0000:00000000       .debug$S                   0000000180000000     MSVCRT:MSVCR120.dll
 0000:00000000       .debug$S                   0000000180000000     MSVCRT:MSVCR120.dll
 0000:00000000       .debug$S                   0000000180000000     MSVCRT:MSVCR120.dll
 0000:00000000       .debug$S                   0000000180000000     MSVCRT:MSVCR120.dll
 0000:00000000       .debug$S                   0000000180000000     MSVCRT:MSVCR120.dll
 0000:00000000       .debug$S                   0000000180000000     MSVCRT:MSVCR120.dll
 0000:00000000       .debug$S                   0000000180000000     MSVCRT:MSVCR120.dll
 0000:00000000       .debug$S                   0000000180000000     MSVCRT:MSVCR120.dll
 0000:00000000       .debug$S                   0000000180000000     MSVCRT:MSVCR120.dll
 0000:00000000       .debug$S                   0000000180000000     sf_runtime:sf_runtime.dll
 0000:00000000       .debug$S                   0000000180000000     sf_runtime:sf_runtime.dll
 0000:00000000       .debug$S                   0000000180000000     sf_runtime:sf_runtime.dll
 0000:00000000       .debug$S                   0000000180000000     sf_runtime:sf_runtime.dll
 0000:00000000       .debug$S                   0000000180000000     sf_runtime:sf_runtime.dll
 0000:00000000       .debug$S                   0000000180000000     sf_runtime:sf_runtime.dll
 0000:00000000       .debug$S                   0000000180000000     sf_runtime:sf_runtime.dll
 0000:00000000       .debug$S                   0000000180000000     sf_runtime:sf_runtime.dll
 0000:00000000       .debug$S                   0000000180000000     sf_runtime:sf_runtime.dll
 0000:00000000       .debug$S                   0000000180000000     sf_runtime:sf_runtime.dll
 0000:00000000       .debug$S                   0000000180000000     sf_runtime:sf_runtime.dll
 0000:00000000       .debug$S                   0000000180000000     sf_runtime:sf_runtime.dll
 0000:00000000       .debug$S                   0000000180000000     sf_runtime:sf_runtime.dll
 0000:00000000       .debug$S                   0000000180000000     sf_runtime:sf_runtime.dll
 0000:00000000       .debug$S                   0000000180000000     sf_runtime:sf_runtime.dll
 0000:00000000       .debug$S                   0000000180000000     sf_runtime:sf_runtime.dll
 0000:00000000       .debug$S                   0000000180000000     sf_runtime:sf_runtime.dll
 0000:00000000       .debug$S                   0000000180000000     sf_runtime:sf_runtime.dll
 0000:00000000       .debug$S                   0000000180000000     sf_runtime:sf_runtime.dll
 0000:00000000       .debug$S                   0000000180000000     sf_runtime:sf_runtime.dll
 0000:00000000       .debug$S                   0000000180000000     sf_runtime:sf_runtime.dll
 0000:00000000       .debug$S                   0000000180000000     sf_runtime:sf_runtime.dll
 0000:00000000       .debug$S                   0000000180000000     sf_runtime:sf_runtime.dll
 0000:00000000       .debug$S                   0000000180000000     sf_runtime:sf_runtime.dll
 0000:00000000       .debug$S                   0000000180000000     sf_runtime:sf_runtime.dll
 0000:00000000       .debug$S                   0000000180000000     sf_runtime:sf_runtime.dll
 0000:00000000       .debug$S                   0000000180000000     sf_runtime:sf_runtime.dll
 0000:00000000       .debug$S                   0000000180000000     sf_runtime:sf_runtime.dll
 0000:00000000       .debug$S                   0000000180000000     sf_runtime:sf_runtime.dll
 0000:00000000       .debug$S                   0000000180000000     sf_runtime:sf_runtime.dll
 0000:00000000       .debug$S                   0000000180000000     sf_runtime:sf_runtime.dll
 0000:00000000       .debug$S                   0000000180000000     sf_runtime:sf_runtime.dll
 0000:00000000       .debug$S                   0000000180000000     sf_runtime:sf_runtime.dll
 0000:00000000       .debug$S                   0000000180000000     sf_runtime:sf_runtime.dll
 0000:00000000       .debug$S                   0000000180000000     sf_runtime:sf_runtime.dll
 0000:00000000       .debug$S                   0000000180000000     sf_runtime:sf_runtime.dll
 0000:00000000       .debug$S                   0000000180000000     sf_runtime:sf_runtime.dll
 0000:00000000       .debug$S                   0000000180000000     sf_runtime:sf_runtime.dll
 0000:00000000       .debug$S                   0000000180000000     libmwmathutil:libmwmathutil.dll
 0000:00000000       .debug$S                   0000000180000000     libmwmathutil:libmwmathutil.dll
 0000:00000000       .debug$S                   0000000180000000     libmwmathutil:libmwmathutil.dll
 0000:00000000       .debug$S                   0000000180000000     sf_runtime:sf_runtime.dll
 0000:00000000       .debug$S                   0000000180000000     libut:libut.dll
 0000:00000000       .debug$S                   0000000180000000     libut:libut.dll
 0000:00000000       .debug$S                   0000000180000000     sf_runtime:sf_runtime.dll
 0000:00000000       .debug$S                   0000000180000000     libmex:libmex.dll
 0000:00000000       .debug$S                   0000000180000000     libmex:libmex.dll
 0000:00000000       .debug$S                   0000000180000000     libmex:libmex.dll
 0000:00000000       .debug$S                   0000000180000000     libmex:libmex.dll
 0000:00000000       .debug$S                   0000000180000000     libmex:libmex.dll
 0000:00000000       .debug$S                   0000000180000000     libmex:libmex.dll
 0000:00000000       .debug$S                   0000000180000000     libmex:libmex.dll
 0000:00000000       .debug$S                   0000000180000000     sf_runtime:sf_runtime.dll
 0000:00000000       .debug$S                   0000000180000000     libmx:libmx.dll
 0000:00000000       .debug$S                   0000000180000000     libmx:libmx.dll
 0000:00000000       .debug$S                   0000000180000000     libmx:libmx.dll
 0000:00000000       .debug$S                   0000000180000000     libmx:libmx.dll
 0000:00000000       .debug$S                   0000000180000000     libmx:libmx.dll
 0000:00000000       .debug$S                   0000000180000000     libmx:libmx.dll
 0000:00000000       .debug$S                   0000000180000000     libmx:libmx.dll
 0000:00000000       .debug$S                   0000000180000000     libmx:libmx.dll
 0000:00000000       .debug$S                   0000000180000000     libmx:libmx.dll
 0000:00000000       .debug$S                   0000000180000000     libmx:libmx.dll
 0000:00000000       .debug$S                   0000000180000000     libmx:libmx.dll
 0000:00000000       .debug$S                   0000000180000000     sf_runtime:sf_runtime.dll
 0000:00000000       .debug$S                   0000000180000000     sf_runtime:sf_runtime.dll
 0000:00000000       .debug$S                   0000000180000000     sf_runtime:sf_runtime.dll
 0000:00000000       .debug$S                   0000000180000000     sf_runtime:sf_runtime.dll
 0000:00000000       .debug$S                   0000000180000000     sf_runtime:sf_runtime.dll
 0000:00000000       .debug$S                   0000000180000000     sf_runtime:sf_runtime.dll
 0000:00000000       .debug$S                   0000000180000000     sf_runtime:sf_runtime.dll
 0000:00000000       .debug$S                   0000000180000000     sf_runtime:sf_runtime.dll
 0000:00000000       .debug$S                   0000000180000000     sf_runtime:sf_runtime.dll
 0000:00000000       .debug$S                   0000000180000000     sf_runtime:sf_runtime.dll
 0000:00000000       .debug$S                   0000000180000000     sf_runtime:sf_runtime.dll
 0000:00000000       .debug$S                   0000000180000000     sf_runtime:sf_runtime.dll
 0000:00000000       .debug$S                   0000000180000000     sf_runtime:sf_runtime.dll
 0000:00000000       .debug$S                   0000000180000000     sf_runtime:sf_runtime.dll
 0000:00000000       .debug$S                   0000000180000000     sf_runtime:sf_runtime.dll
 0000:00000000       .debug$S                   0000000180000000     sf_runtime:sf_runtime.dll
 0000:00000000       .debug$S                   0000000180000000     libmx:libmx.dll
 0000:00000000       .debug$S                   0000000180000000     sf_runtime:sf_runtime.dll
 0000:00000000       .debug$S                   0000000180000000     sf_runtime:sf_runtime.dll
 0000:00000000       .debug$S                   0000000180000000     sf_runtime:sf_runtime.dll
 0000:00000000       .debug$S                   0000000180000000     sf_runtime:sf_runtime.dll
 0000:00000000       .debug$S                   0000000180000000     sf_runtime:sf_runtime.dll
 0000:00000000       .debug$S                   0000000180000000     sf_runtime:sf_runtime.dll
 0000:00000000       .debug$S                   0000000180000000     sf_runtime:sf_runtime.dll
 0000:00000000       .debug$S                   0000000180000000     sf_runtime:sf_runtime.dll
 0000:00000000       .debug$S                   0000000180000000     sf_runtime:sf_runtime.dll
 0000:00000000       .debug$S                   0000000180000000     sf_runtime:sf_runtime.dll
 0000:00000000       .debug$S                   0000000180000000     sf_runtime:sf_runtime.dll
 0000:00000000       .debug$S                   0000000180000000     sf_runtime:sf_runtime.dll
 0000:00000000       .debug$S                   0000000180000000     libmx:libmx.dll
 0000:00000000       .debug$S                   0000000180000000     libmx:libmx.dll
 0000:00000000       .debug$S                   0000000180000000     libmx:libmx.dll
 0000:00000000       .debug$S                   0000000180000000     libmx:libmx.dll
 0000:00000000       .debug$S                   0000000180000000     libmx:libmx.dll
 0000:00000000       .debug$S                   0000000180000000     libmx:libmx.dll
 0000:00000000       .debug$S                   0000000180000000     libmx:libmx.dll
 0000:00000000       .debug$S                   0000000180000000     libmx:libmx.dll
 0000:00000000       .debug$S                   0000000180000000     libmx:libmx.dll
 0000:00000000       .debug$S                   0000000180000000     libmx:libmx.dll
 0001:00001320       chart_debug_initialization 0000000180002320 f   c4_trackVehicleNewVer7_SonarPath.obj
 0001:00003690       chart_debug_initialize_data_addresses 0000000180004690 f   c4_trackVehicleNewVer7_SonarPath.obj
 0001:000039c0       initialize_c4_trackVehicleNewVer7_SonarPath 00000001800049c0 f   c4_trackVehicleNewVer7_SonarPath.obj
 0001:00003a30       initialize_params_c4_trackVehicleNewVer7_SonarPath 0000000180004a30 f   c4_trackVehicleNewVer7_SonarPath.obj
 0001:00003a40       enable_c4_trackVehicleNewVer7_SonarPath 0000000180004a40 f   c4_trackVehicleNewVer7_SonarPath.obj
 0001:00003a70       disable_c4_trackVehicleNewVer7_SonarPath 0000000180004a70 f   c4_trackVehicleNewVer7_SonarPath.obj
 0001:00003aa0       c4_update_debugger_state_c4_trackVehicleNewVer7_SonarPath 0000000180004aa0 f   c4_trackVehicleNewVer7_SonarPath.obj
 0001:00003ab0       get_sim_state_c4_trackVehicleNewVer7_SonarPath 0000000180004ab0 f   c4_trackVehicleNewVer7_SonarPath.obj
 0001:00003cd0       set_sim_state_c4_trackVehicleNewVer7_SonarPath 0000000180004cd0 f   c4_trackVehicleNewVer7_SonarPath.obj
 0001:00003e70       finalize_c4_trackVehicleNewVer7_SonarPath 0000000180004e70 f   c4_trackVehicleNewVer7_SonarPath.obj
 0001:00003e80       sf_gateway_c4_trackVehicleNewVer7_SonarPath 0000000180004e80 f   c4_trackVehicleNewVer7_SonarPath.obj
 0001:00004550       c4_chartstep_c4_trackVehicleNewVer7_SonarPath 0000000180005550 f   c4_trackVehicleNewVer7_SonarPath.obj
 0001:00006ea0       initSimStructsc4_trackVehicleNewVer7_SonarPath 0000000180007ea0 f   c4_trackVehicleNewVer7_SonarPath.obj
 0001:00006eb0       init_script_number_translation 0000000180007eb0 f   c4_trackVehicleNewVer7_SonarPath.obj
 0001:00006ed0       c4_sf_marshallOut          0000000180007ed0 f   c4_trackVehicleNewVer7_SonarPath.obj
 0001:00006f80       c4_emlrt_marshallIn        0000000180007f80 f   c4_trackVehicleNewVer7_SonarPath.obj
 0001:00006ff0       c4_b_emlrt_marshallIn      0000000180007ff0 f   c4_trackVehicleNewVer7_SonarPath.obj
 0001:00007080       c4_sf_marshallIn           0000000180008080 f   c4_trackVehicleNewVer7_SonarPath.obj
 0001:00007120       c4_b_sf_marshallOut        0000000180008120 f   c4_trackVehicleNewVer7_SonarPath.obj
 0001:00007290       c4_c_emlrt_marshallIn      0000000180008290 f   c4_trackVehicleNewVer7_SonarPath.obj
 0001:00007300       c4_d_emlrt_marshallIn      0000000180008300 f   c4_trackVehicleNewVer7_SonarPath.obj
 0001:00007400       c4_b_sf_marshallIn         0000000180008400 f   c4_trackVehicleNewVer7_SonarPath.obj
 0001:00007550       c4_c_sf_marshallOut        0000000180008550 f   c4_trackVehicleNewVer7_SonarPath.obj
 0001:00007650       c4_d_sf_marshallOut        0000000180008650 f   c4_trackVehicleNewVer7_SonarPath.obj
 0001:000077c0       c4_e_emlrt_marshallIn      00000001800087c0 f   c4_trackVehicleNewVer7_SonarPath.obj
 0001:000078a0       c4_c_sf_marshallIn         00000001800088a0 f   c4_trackVehicleNewVer7_SonarPath.obj
 0001:00007970       c4_e_sf_marshallOut        0000000180008970 f   c4_trackVehicleNewVer7_SonarPath.obj
 0001:00007b30       c4_f_emlrt_marshallIn      0000000180008b30 f   c4_trackVehicleNewVer7_SonarPath.obj
 0001:00007d40       c4_d_sf_marshallIn         0000000180008d40 f   c4_trackVehicleNewVer7_SonarPath.obj
 0001:00007f00       c4_g_emlrt_marshallIn      0000000180008f00 f   c4_trackVehicleNewVer7_SonarPath.obj
 0001:00008000       c4_e_sf_marshallIn         0000000180009000 f   c4_trackVehicleNewVer7_SonarPath.obj
 0001:00008150       c4_pos2cell                0000000180009150 f   c4_trackVehicleNewVer7_SonarPath.obj
 0001:00008850       c4_eml_scalar_eg           0000000180009850 f   c4_trackVehicleNewVer7_SonarPath.obj
 0001:00008860       c4_dimagree                0000000180009860 f   c4_trackVehicleNewVer7_SonarPath.obj
 0001:00008870       c4_planPath                0000000180009870 f   c4_trackVehicleNewVer7_SonarPath.obj
 0001:0000eb10       c4_distance                000000018000fb10 f   c4_trackVehicleNewVer7_SonarPath.obj
 0001:0000eec0       c4_mpower                  000000018000fec0 f   c4_trackVehicleNewVer7_SonarPath.obj
 0001:0000ef40       c4_eml_error               000000018000ff40 f   c4_trackVehicleNewVer7_SonarPath.obj
 0001:0000f090       c4_eml_switch_helper       0000000180010090 f   c4_trackVehicleNewVer7_SonarPath.obj
 0001:0000f0a0       c4_allinrange              00000001800100a0 f   c4_trackVehicleNewVer7_SonarPath.obj
 0001:0000f0c0       c4_cell2pos                00000001800100c0 f   c4_trackVehicleNewVer7_SonarPath.obj
 0001:0000f4f0       c4_emlrt_marshallOut       00000001800104f0 f   c4_trackVehicleNewVer7_SonarPath.obj
 0001:0000f5a0       c4_b_emlrt_marshallOut     00000001800105a0 f   c4_trackVehicleNewVer7_SonarPath.obj
 0001:0000f620       c4_c_emlrt_marshallOut     0000000180010620 f   c4_trackVehicleNewVer7_SonarPath.obj
 0001:0000f6a0       c4_d_emlrt_marshallOut     00000001800106a0 f   c4_trackVehicleNewVer7_SonarPath.obj
 0001:0000f730       c4_e_emlrt_marshallOut     0000000180010730 f   c4_trackVehicleNewVer7_SonarPath.obj
 0001:0000f7c0       c4_i_emlrt_marshallIn      00000001800107c0 f   c4_trackVehicleNewVer7_SonarPath.obj
 0001:0000f820       c4_j_emlrt_marshallIn      0000000180010820 f   c4_trackVehicleNewVer7_SonarPath.obj
 0001:0000f8b0       c4_b_sqrt                  00000001800108b0 f   c4_trackVehicleNewVer7_SonarPath.obj
 0001:0000f900       c4_b_flipud                0000000180010900 f   c4_trackVehicleNewVer7_SonarPath.obj
 0001:0000fdf0       c4_div_s32                 0000000180010df0 f   c4_trackVehicleNewVer7_SonarPath.obj
 0001:0000ff50       init_dsm_address_info      0000000180010f50 f   c4_trackVehicleNewVer7_SonarPath.obj
 0001:0000ff60       init_simulink_io_address   0000000180010f60 f   c4_trackVehicleNewVer7_SonarPath.obj
 0001:00011280       sf_get_sim_state_info_c4_trackVehicleNewVer7_SonarPath 0000000180012280 f   c4_trackVehicleNewVer7_SonarPath.obj
 0001:00011350       sf_get_instance_specialization 0000000180012350 f   c4_trackVehicleNewVer7_SonarPath.obj
 0001:00011360       sf_opaque_initialize_c4_trackVehicleNewVer7_SonarPath 0000000180012360 f   c4_trackVehicleNewVer7_SonarPath.obj
 0001:000113a0       sf_opaque_enable_c4_trackVehicleNewVer7_SonarPath 00000001800123a0 f   c4_trackVehicleNewVer7_SonarPath.obj
 0001:000113c0       sf_opaque_disable_c4_trackVehicleNewVer7_SonarPath 00000001800123c0 f   c4_trackVehicleNewVer7_SonarPath.obj
 0001:000113e0       sf_opaque_gateway_c4_trackVehicleNewVer7_SonarPath 00000001800123e0 f   c4_trackVehicleNewVer7_SonarPath.obj
 0001:00011400       sf_opaque_get_sim_state_c4_trackVehicleNewVer7_SonarPath 0000000180012400 f   c4_trackVehicleNewVer7_SonarPath.obj
 0001:00011450       sf_opaque_set_sim_state_c4_trackVehicleNewVer7_SonarPath 0000000180012450 f   c4_trackVehicleNewVer7_SonarPath.obj
 0001:000114a0       sf_opaque_terminate_c4_trackVehicleNewVer7_SonarPath 00000001800124a0 f   c4_trackVehicleNewVer7_SonarPath.obj
 0001:00011540       mdlProcessParameters_c4_trackVehicleNewVer7_SonarPath 0000000180012540 f   c4_trackVehicleNewVer7_SonarPath.obj
 0001:00011620       mdlSetWorkWidths_c4_trackVehicleNewVer7_SonarPath 0000000180012620 f   c4_trackVehicleNewVer7_SonarPath.obj
 0001:00011cd0       mdlRTW_c4_trackVehicleNewVer7_SonarPath 0000000180012cd0 f   c4_trackVehicleNewVer7_SonarPath.obj
 0001:00011d10       mdlStart_c4_trackVehicleNewVer7_SonarPath 0000000180012d10 f   c4_trackVehicleNewVer7_SonarPath.obj
 0001:00013288       $LN120                     0000000180014288     trackVehicleNewVer7_SonarPath_sfun_registry.obj
 0001:00014e54       $LN17                      0000000180015e54     trackVehicleNewVer7_SonarPath_sfun_registry.obj
 0001:000153dc       $LN26                      00000001800163dc     trackVehicleNewVer7_SonarPath_sfun_registry.obj
 0001:00015ac4       $LN23                      0000000180016ac4     trackVehicleNewVer7_SonarPath_sfun_registry.obj
 0001:000160a0       $LN26                      00000001800170a0     trackVehicleNewVer7_SonarPath_sfun_registry.obj
 0001:00017f60       sf_debug_api_wrapper       0000000180018f60 f   trackVehicleNewVer7_SonarPath_sfun_registry.obj
 0001:00017fb0       ProcessMexSfunctionCmdLineCall 0000000180018fb0 f   trackVehicleNewVer7_SonarPath_sfun_registry.obj
 0001:000182e0       getChartInfoFromSimStruct  00000001800192e0 f   trackVehicleNewVer7_SonarPath_sfun_registry.obj
 0001:000183a0       mdlSetWorkWidths           00000001800193a0 f   trackVehicleNewVer7_SonarPath_sfun_registry.obj
 0001:000183d0       mdlProcessParameters       00000001800193d0 f   trackVehicleNewVer7_SonarPath_sfun_registry.obj
 0001:00018400       mdl_start_processing       0000000180019400 f   trackVehicleNewVer7_SonarPath_sfun_registry.obj
 0001:000184c0       mdl_terminate_processing   00000001800194c0 f   trackVehicleNewVer7_SonarPath_sfun_registry.obj
 0001:00018540       mdlStart                   0000000180019540 f   trackVehicleNewVer7_SonarPath_sfun_registry.obj
 0001:00018570       mdlTerminate               0000000180019570 f   trackVehicleNewVer7_SonarPath_sfun_registry.obj
 0001:000185a0       mdlInitializeSizes         00000001800195a0 f   trackVehicleNewVer7_SonarPath_sfun_registry.obj
 0001:000185d0       mdlInitializeSampleTimes   00000001800195d0 f   trackVehicleNewVer7_SonarPath_sfun_registry.obj
 0001:00018600       mdl_outputs_continuous_legacy 0000000180019600 f   trackVehicleNewVer7_SonarPath_sfun_registry.obj
 0001:00018700       mdl_outputs_processing     0000000180019700 f   trackVehicleNewVer7_SonarPath_sfun_registry.obj
 0001:00018830       mdl_zeroCrossings_processing 0000000180019830 f   trackVehicleNewVer7_SonarPath_sfun_registry.obj
 0001:00018870       mdlZeroCrossings           0000000180019870 f   trackVehicleNewVer7_SonarPath_sfun_registry.obj
 0001:000188a0       mdl_derivatives_processing 00000001800198a0 f   trackVehicleNewVer7_SonarPath_sfun_registry.obj
 0001:000188f0       mdlDerivatives             00000001800198f0 f   trackVehicleNewVer7_SonarPath_sfun_registry.obj
 0001:00018920       mdl_initialize_conditions_processing 0000000180019920 f   trackVehicleNewVer7_SonarPath_sfun_registry.obj
 0001:00018970       mdlInitializeConditions    0000000180019970 f   trackVehicleNewVer7_SonarPath_sfun_registry.obj
 0001:000189a0       mdl_ext_mode_exec_processing 00000001800199a0 f   trackVehicleNewVer7_SonarPath_sfun_registry.obj
 0001:000189e0       mdlExtModeExec             00000001800199e0 f   trackVehicleNewVer7_SonarPath_sfun_registry.obj
 0001:00018a10       mdlRTW                     0000000180019a10 f   trackVehicleNewVer7_SonarPath_sfun_registry.obj
 0001:00018a50       mdl_enable_processing      0000000180019a50 f   trackVehicleNewVer7_SonarPath_sfun_registry.obj
 0001:00018a90       mdlEnable                  0000000180019a90 f   trackVehicleNewVer7_SonarPath_sfun_registry.obj
 0001:00018ac0       mdl_disable_processing     0000000180019ac0 f   trackVehicleNewVer7_SonarPath_sfun_registry.obj
 0001:00018b00       mdlDisable                 0000000180019b00 f   trackVehicleNewVer7_SonarPath_sfun_registry.obj
 0001:00018b30       mdlOutputs                 0000000180019b30 f   trackVehicleNewVer7_SonarPath_sfun_registry.obj
 0001:00018b60       mdl_update_processing      0000000180019b60 f   trackVehicleNewVer7_SonarPath_sfun_registry.obj
 0001:00018bc0       mdlUpdate                  0000000180019bc0 f   trackVehicleNewVer7_SonarPath_sfun_registry.obj
 0001:00018da0       mdlGetTimeOfNextVarHit     0000000180019da0 f   trackVehicleNewVer7_SonarPath_sfun_registry.obj
 0001:00018df0       _RegNumInputPortsCB        0000000180019df0 f   trackVehicleNewVer7_SonarPath_sfun_registry.obj
 0001:00018e70       _RegNumOutputPortsCB       0000000180019e70 f   trackVehicleNewVer7_SonarPath_sfun_registry.obj
 0001:00018ef0       _CreateSimStruct           0000000180019ef0 f   trackVehicleNewVer7_SonarPath_sfun_registry.obj
 0001:00019080       _ssFatalError              000000018001a080 f   trackVehicleNewVer7_SonarPath_sfun_registry.obj
 0001:00019150       _ProcessMexSfunctionCmdLineCall 000000018001a150 f   trackVehicleNewVer7_SonarPath_sfun_registry.obj
 0001:00019ea0       $$000000                   000000018001aea0     MSVCRT:amdsecgs.obj
 0001:00019ee0       $$000000                   000000018001aee0     MSVCRT:chkstk.obj
 0001:00019f64       pre_c_init                 000000018001af64 f   MSVCRT:crtdll.obj
 0001:0001a25c       __DllMainCRTStartup        000000018001b25c f   MSVCRT:crtdll.obj
 0001:0001a770       __DllMainCRTStartup$filt$0 000000018001b770 f   MSVCRT:crtdll.obj
 0001:0001a795       __DllMainCRTStartup$fin$1  000000018001b795 f   MSVCRT:crtdll.obj
 0001:0001a7b0       _IsNonwritableInCurrentImage$filt$0 000000018001b7b0 f   MSVCRT:pesect.obj
 0001:0001a7d0       _onexit$fin$0              000000018001b7d0 f   MSVCRT:atonexit.obj
 0002:000004c8       pcinit                     000000018001c4c8     MSVCRT:crtdll.obj
 0002:000004d0       pinit                      000000018001c4d0     MSVCRT:atonexit.obj
 0002:00000b58       GS_ExceptionPointers       000000018001cb58     MSVCRT:gs_report.obj
 0002:00000c20       $unwind$load_trackVehicleNewVer7_SonarPath_optimization_info 000000018001cc20     trackVehicleNewVer7_SonarPath_sfun.obj
 0002:00000c28       $unwind$unload_trackVehicleNewVer7_SonarPath_optimization_info 000000018001cc28     trackVehicleNewVer7_SonarPath_sfun.obj
 0002:00000c30       $unwind$sf_trackVehicleNewVer7_SonarPath_method_dispatcher 000000018001cc30     trackVehicleNewVer7_SonarPath_sfun.obj
 0002:00000c38       $unwind$sf_trackVehicleNewVer7_SonarPath_uses_exported_functions 000000018001cc38     trackVehicleNewVer7_SonarPath_sfun.obj
 0002:00000c40       $unwind$sf_trackVehicleNewVer7_SonarPath_process_check_sum_call 000000018001cc40     trackVehicleNewVer7_SonarPath_sfun.obj
 0002:00000c50       $unwind$sf_trackVehicleNewVer7_SonarPath_autoinheritance_info 000000018001cc50     trackVehicleNewVer7_SonarPath_sfun.obj
 0002:00000c60       $unwind$sf_trackVehicleNewVer7_SonarPath_get_eml_resolved_functions_info 000000018001cc60     trackVehicleNewVer7_SonarPath_sfun.obj
[...]
 0004:00000240       $pdata$c4_b_emlrt_marshallOut 0000000180022240     c4_trackVehicleNewVer7_SonarPath.obj
 0004:0000024c       $pdata$c4_c_emlrt_marshallOut 000000018002224c     c4_trackVehicleNewVer7_SonarPath.obj
 0004:00000258       $pdata$c4_d_emlrt_marshallOut 0000000180022258     c4_trackVehicleNewVer7_SonarPath.obj
 0004:00000264       $pdata$c4_e_emlrt_marshallOut 0000000180022264     c4_trackVehicleNewVer7_SonarPath.obj
 0004:00000270       $pdata$c4_i_emlrt_marshallIn 0000000180022270     c4_trackVehicleNewVer7_SonarPath.obj
 0004:0000027c       $pdata$c4_j_emlrt_marshallIn 000000018002227c     c4_trackVehicleNewVer7_SonarPath.obj
 0004:00000288       $pdata$c4_b_sqrt           0000000180022288     c4_trackVehicleNewVer7_SonarPath.obj
 0004:00000294       $pdata$c4_b_flipud         0000000180022294     c4_trackVehicleNewVer7_SonarPath.obj
 0004:000002a0       $pdata$c4_div_s32          00000001800222a0     c4_trackVehicleNewVer7_SonarPath.obj
 0004:000002ac       $pdata$init_simulink_io_address 00000001800222ac     c4_trackVehicleNewVer7_SonarPath.obj
 0004:000002b8       $pdata$sf_c4_trackVehicleNewVer7_SonarPath_get_post_codegen_info 00000001800222b8     c4_trackVehicleNewVer7_SonarPath.obj
 0004:000002c4       $pdata$sf_c4_trackVehicleNewVer7_SonarPath_get_autoinheritance_info 00000001800222c4     c4_trackVehicleNewVer7_SonarPath.obj
 0004:000002d0       $pdata$sf_c4_trackVehicleNewVer7_SonarPath_third_party_uses_info 00000001800222d0     c4_trackVehicleNewVer7_SonarPath.obj
 0004:000002dc       $pdata$sf_c4_trackVehicleNewVer7_SonarPath_jit_fallback_info 00000001800222dc     c4_trackVehicleNewVer7_SonarPath.obj
 0004:000002e8       $pdata$sf_c4_trackVehicleNewVer7_SonarPath_updateBuildInfo_args_info 00000001800222e8     c4_trackVehicleNewVer7_SonarPath.obj
 0004:000002f4       $pdata$sf_get_sim_state_info_c4_trackVehicleNewVer7_SonarPath 00000001800222f4     c4_trackVehicleNewVer7_SonarPath.obj
 0004:00000300       $pdata$sf_opaque_initialize_c4_trackVehicleNewVer7_SonarPath 0000000180022300     c4_trackVehicleNewVer7_SonarPath.obj
 0004:0000030c       $pdata$sf_opaque_enable_c4_trackVehicleNewVer7_SonarPath 000000018002230c     c4_trackVehicleNewVer7_SonarPath.obj
 0004:00000318       $pdata$sf_opaque_disable_c4_trackVehicleNewVer7_SonarPath 0000000180022318     c4_trackVehicleNewVer7_SonarPath.obj
 0004:00000324       $pdata$sf_opaque_gateway_c4_trackVehicleNewVer7_SonarPath 0000000180022324     c4_trackVehicleNewVer7_SonarPath.obj
 0004:00000330       $pdata$sf_opaque_get_sim_state_c4_trackVehicleNewVer7_SonarPath 0000000180022330     c4_trackVehicleNewVer7_SonarPath.obj
 0004:0000033c       $pdata$sf_opaque_set_sim_state_c4_trackVehicleNewVer7_SonarPath 000000018002233c     c4_trackVehicleNewVer7_SonarPath.obj
 0004:00000348       $pdata$sf_opaque_terminate_c4_trackVehicleNewVer7_SonarPath 0000000180022348     c4_trackVehicleNewVer7_SonarPath.obj
 0004:00000354       $pdata$mdlProcessParameters_c4_trackVehicleNewVer7_SonarPath 0000000180022354     c4_trackVehicleNewVer7_SonarPath.obj
 0004:00000360       $pdata$mdlSetWorkWidths_c4_trackVehicleNewVer7_SonarPath 0000000180022360     c4_trackVehicleNewVer7_SonarPath.obj
 0004:0000036c       $pdata$mdlRTW_c4_trackVehicleNewVer7_SonarPath 000000018002236c     c4_trackVehicleNewVer7_SonarPath.obj
 0004:00000378       $pdata$mdlStart_c4_trackVehicleNewVer7_SonarPath 0000000180022378     c4_trackVehicleNewVer7_SonarPath.obj
 0004:00000384       $pdata$mexFunction         0000000180022384     trackVehicleNewVer7_SonarPath_sfun_registry.obj
 0004:00000390       $pdata$_ssSetInputPortDirectFeedThroughFcn 0000000180022390     trackVehicleNewVer7_SonarPath_sfun_registry.obj
 0004:0000039c       $pdata$_ssGetInputPortSignalPtrsFcn 000000018002239c     trackVehicleNewVer7_SonarPath_sfun_registry.obj
 0004:000003a8       $pdata$_ssGetInputPortSignalFcn 00000001800223a8     trackVehicleNewVer7_SonarPath_sfun_registry.obj
 0004:000003b4       $pdata$_ssSetInputPortReusableFcn 00000001800223b4     trackVehicleNewVer7_SonarPath_sfun_registry.obj
 0004:000003c0       $pdata$_ssSetOutputPortReusableFcn 00000001800223c0     trackVehicleNewVer7_SonarPath_sfun_registry.obj
 0004:000003cc       $pdata$_ssSetSymbolicDimsSupport 00000001800223cc     trackVehicleNewVer7_SonarPath_sfun_registry.obj
 0004:000003d8       $pdata$_ssRegisterSymbolicDimsExpr 00000001800223d8     trackVehicleNewVer7_SonarPath_sfun_registry.obj
 0004:000003e4       $pdata$_ssRegisterSymbolicDims 00000001800223e4     trackVehicleNewVer7_SonarPath_sfun_registry.obj
 0004:000003f0       $pdata$_ssRegisterSymbolicDimsString 00000001800223f0     trackVehicleNewVer7_SonarPath_sfun_registry.obj
 0004:000003fc       $pdata$_ssRegisterSymbolicDimsIntValue 00000001800223fc     trackVehicleNewVer7_SonarPath_sfun_registry.obj
 0004:00000408       $pdata$_ssRegisterSymbolicDimsPlus 0000000180022408     trackVehicleNewVer7_SonarPath_sfun_registry.obj
 0004:00000414       $pdata$_ssRegisterSymbolicDimsMinus 0000000180022414     trackVehicleNewVer7_SonarPath_sfun_registry.obj
 0004:00000420       $pdata$_ssRegisterSymbolicDimsMultiply 0000000180022420     trackVehicleNewVer7_SonarPath_sfun_registry.obj
 0004:0000042c       $pdata$_ssRegisterSymbolicDimsDivide 000000018002242c     trackVehicleNewVer7_SonarPath_sfun_registry.obj
 0004:00000438       $pdata$_ssGetNumSymbolicDims 0000000180022438     trackVehicleNewVer7_SonarPath_sfun_registry.obj
 0004:00000444       $pdata$_ssGetSymbolicDim   0000000180022444     trackVehicleNewVer7_SonarPath_sfun_registry.obj
 0004:00000450       $pdata$_ssSetInputPortSymbolicDimsId 0000000180022450     trackVehicleNewVer7_SonarPath_sfun_registry.obj
 0004:0000045c       $pdata$_ssGetCompInputPortSymbolicDimsId 000000018002245c     trackVehicleNewVer7_SonarPath_sfun_registry.obj
 0004:00000468       $pdata$_ssSetCompInputPortSymbolicDimsId 0000000180022468     trackVehicleNewVer7_SonarPath_sfun_registry.obj
 0004:00000474       $pdata$_ssSetOutputPortSymbolicDimsId 0000000180022474     trackVehicleNewVer7_SonarPath_sfun_registry.obj
 0004:00000480       $pdata$_ssGetCompOutputPortSymbolicDimsId 0000000180022480     trackVehicleNewVer7_SonarPath_sfun_registry.obj
 0004:0000048c       $pdata$_ssSetCompOutputPortSymbolicDimsId 000000018002248c     trackVehicleNewVer7_SonarPath_sfun_registry.obj
 0004:00000498       $pdata$_ssSetCompDWorkSymbolicDimsId 0000000180022498     trackVehicleNewVer7_SonarPath_sfun_registry.obj
 0004:000004a4       $pdata$ssGetIsZeroCrossControlDisabled 00000001800224a4     trackVehicleNewVer7_SonarPath_sfun_registry.obj
 0004:000004b0       $pdata$ssSetIsInputPortUsedForContZcSignal 00000001800224b0     trackVehicleNewVer7_SonarPath_sfun_registry.obj
 0004:000004bc       $pdata$ssSetZcSignalIsZcElementDisc 00000001800224bc     trackVehicleNewVer7_SonarPath_sfun_registry.obj
 0004:000004c8       $pdata$ssSetZcSignalName   00000001800224c8     trackVehicleNewVer7_SonarPath_sfun_registry.obj
 0004:000004d4       $pdata$ssSetZcSignalWidth  00000001800224d4     trackVehicleNewVer7_SonarPath_sfun_registry.obj
 0004:000004e0       $pdata$ssSetZcSignalZcEventType 00000001800224e0     trackVehicleNewVer7_SonarPath_sfun_registry.obj
 0004:000004ec       $pdata$ssSetZcSignalType   00000001800224ec     trackVehicleNewVer7_SonarPath_sfun_registry.obj
 0004:000004f8       $pdata$ssSetZcSignalZcTol  00000001800224f8     trackVehicleNewVer7_SonarPath_sfun_registry.obj
 0004:00000504       $pdata$ssSetZcSignalNeedsEventNotification 0000000180022504     trackVehicleNewVer7_SonarPath_sfun_registry.obj
 0004:00000510       $pdata$ssCreateAndAddZcSignalInfo 0000000180022510     trackVehicleNewVer7_SonarPath_sfun_registry.obj
 0004:0000051c       $pdata$ssCloneAndAddZcSignalInfo 000000018002251c     trackVehicleNewVer7_SonarPath_sfun_registry.obj
 0004:00000528       $pdata$ssGetNumZcSignals   0000000180022528     trackVehicleNewVer7_SonarPath_sfun_registry.obj
 0004:00000534       $pdata$ssGetZcSignalVector 0000000180022534     trackVehicleNewVer7_SonarPath_sfun_registry.obj
 0004:00000540       $pdata$ssGetZcSignalName   0000000180022540     trackVehicleNewVer7_SonarPath_sfun_registry.obj
 0004:0000054c       $pdata$ssGetZcSignalWidth  000000018002254c     trackVehicleNewVer7_SonarPath_sfun_registry.obj
 0004:00000558       $pdata$ssGetZcSignalZcEventType 0000000180022558     trackVehicleNewVer7_SonarPath_sfun_registry.obj
 0004:00000564       $pdata$ssGetZcSignalZcEvents 0000000180022564     trackVehicleNewVer7_SonarPath_sfun_registry.obj
 0004:00000570       $pdata$ssGetZcSignalType   0000000180022570     trackVehicleNewVer7_SonarPath_sfun_registry.obj
 0004:0000057c       $pdata$ssGetZcSignalZcTol  000000018002257c     trackVehicleNewVer7_SonarPath_sfun_registry.obj
 0004:00000588       $pdata$ssGetZcSignalNeedsEventNotification 0000000180022588     trackVehicleNewVer7_SonarPath_sfun_registry.obj
 0004:00000594       $pdata$ssGetZcSignalIsZcElementDisc 0000000180022594     trackVehicleNewVer7_SonarPath_sfun_registry.obj
 0004:000005a0       $pdata$ssGetIsInputPortElementContinuous 00000001800225a0     trackVehicleNewVer7_SonarPath_sfun_registry.obj
 0004:000005ac       $pdata$ssGetDTypeIdFromMxArray 00000001800225ac     trackVehicleNewVer7_SonarPath_sfun_registry.obj
 0004:000005b8       $pdata$ssWriteRTWStr       00000001800225b8     trackVehicleNewVer7_SonarPath_sfun_registry.obj
 0004:000005c4       $pdata$ssWriteRTWNameValuePair 00000001800225c4     trackVehicleNewVer7_SonarPath_sfun_registry.obj
 0004:000005d0       $pdata$ssWriteRTWParamSettings 00000001800225d0     trackVehicleNewVer7_SonarPath_sfun_registry.obj
 0004:000005dc       $pdata$ssWriteRTWParameters 00000001800225dc     trackVehicleNewVer7_SonarPath_sfun_registry.obj
 0004:000005e8       $pdata$ssWriteRTWWorkVect  00000001800225e8     trackVehicleNewVer7_SonarPath_sfun_registry.obj
 0004:000005f4       $pdata$ssWriteRTWMxVectParam 00000001800225f4     trackVehicleNewVer7_SonarPath_sfun_registry.obj
 0004:00000600       $pdata$ssWriteRTWMx2dMatParam 0000000180022600     trackVehicleNewVer7_SonarPath_sfun_registry.obj
 0004:0000060c       $pdata$_ssSetInputPortMatrixDimensions 000000018002260c     trackVehicleNewVer7_SonarPath_sfun_registry.obj
 0004:00000618       $pdata$_ssSetOutputPortMatrixDimensions 0000000180022618     trackVehicleNewVer7_SonarPath_sfun_registry.obj
 0004:00000624       $pdata$_ssSetInputPortVectorDimension 0000000180022624     trackVehicleNewVer7_SonarPath_sfun_registry.obj
 0004:00000630       $pdata$_ssSetOutputPortVectorDimension 0000000180022630     trackVehicleNewVer7_SonarPath_sfun_registry.obj
 0004:0000063c       $pdata$ssIsRunTimeParamTunable 000000018002263c     trackVehicleNewVer7_SonarPath_sfun_registry.obj
 0004:00000648       $pdata$ssGetSFuncBlockHandle 0000000180022648     trackVehicleNewVer7_SonarPath_sfun_registry.obj
 0004:00000654       $pdata$_ssGetCurrentInputPortWidth 0000000180022654     trackVehicleNewVer7_SonarPath_sfun_registry.obj
 0004:00000660       $pdata$_ssGetCurrentOutputPortWidth 0000000180022660     trackVehicleNewVer7_SonarPath_sfun_registry.obj
 0004:0000066c       $pdata$_ssGetCallSystemNumFcnCallDestinations 000000018002266c     trackVehicleNewVer7_SonarPath_sfun_registry.obj
 0004:00000678       $pdata$ssWarning           0000000180022678     trackVehicleNewVer7_SonarPath_sfun_registry.obj
 0004:00000684       $pdata$_ssGetAbsTol        0000000180022684     trackVehicleNewVer7_SonarPath_sfun_registry.obj
 0004:00000690       $pdata$sf_process_check_sum_call 0000000180022690     trackVehicleNewVer7_SonarPath_sfun_registry.obj
 0004:0000069c       $pdata$sf_process_machine_uses_exported_functions_call 000000018002269c     trackVehicleNewVer7_SonarPath_sfun_registry.obj
 0004:000006a8       $pdata$sf_process_autoinheritance_call 00000001800226a8     trackVehicleNewVer7_SonarPath_sfun_registry.obj
 0004:000006b4       $pdata$sf_process_get_third_party_uses_info_call 00000001800226b4     trackVehicleNewVer7_SonarPath_sfun_registry.obj
 0004:000006c0       $pdata$sf_process_get_jit_fallback_info_call 00000001800226c0     trackVehicleNewVer7_SonarPath_sfun_registry.obj
 0004:000006cc       $pdata$sf_process_get_updateBuildInfo_args_info_call 00000001800226cc     trackVehicleNewVer7_SonarPath_sfun_registry.obj
 0004:000006d8       $pdata$sf_process_get_eml_resolved_functions_info_call 00000001800226d8     trackVehicleNewVer7_SonarPath_sfun_registry.obj
 0004:000006e4       $pdata$sf_process_get_post_codegen_info 00000001800226e4     trackVehicleNewVer7_SonarPath_sfun_registry.obj
 0004:000006f0       $pdata$sf_mex_unlock_call  00000001800226f0     trackVehicleNewVer7_SonarPath_sfun_registry.obj
 0004:000006fc       $pdata$sf_debug_api_wrapper 00000001800226fc     trackVehicleNewVer7_SonarPath_sfun_registry.obj
 0004:00000708       $pdata$ProcessMexSfunctionCmdLineCall 0000000180022708     trackVehicleNewVer7_SonarPath_sfun_registry.obj
 0004:00000714       $pdata$sf_machine_global_initializer_called 0000000180022714     trackVehicleNewVer7_SonarPath_sfun_registry.obj
 0004:00000720       $pdata$sf_machine_global_method_dispatcher 0000000180022720     trackVehicleNewVer7_SonarPath_sfun_registry.obj
 0004:0000072c       $pdata$sf_machine_global_terminator 000000018002272c     trackVehicleNewVer7_SonarPath_sfun_registry.obj
 0004:00000738       $pdata$sf_register_machine_exported_symbols 0000000180022738     trackVehicleNewVer7_SonarPath_sfun_registry.obj
 0004:00000744       $pdata$sf_machine_global_initializer 0000000180022744     trackVehicleNewVer7_SonarPath_sfun_registry.obj
 0004:00000750       $pdata$getChartInfoFromSimStruct 0000000180022750     trackVehicleNewVer7_SonarPath_sfun_registry.obj
 0004:0000075c       $pdata$mdlGetSimState      000000018002275c     trackVehicleNewVer7_SonarPath_sfun_registry.obj
 0004:00000768       $pdata$mdlSetSimState      0000000180022768     trackVehicleNewVer7_SonarPath_sfun_registry.obj
 0004:00000774       $pdata$mdlSetWorkWidths    0000000180022774     trackVehicleNewVer7_SonarPath_sfun_registry.obj
 0004:00000780       $pdata$mdlProcessParameters 0000000180022780     trackVehicleNewVer7_SonarPath_sfun_registry.obj
 0004:0000078c       $pdata$mdl_start_processing 000000018002278c     trackVehicleNewVer7_SonarPath_sfun_registry.obj
 0004:00000798       $pdata$mdl_terminate_processing 0000000180022798     trackVehicleNewVer7_SonarPath_sfun_registry.obj
 0004:000007a4       $pdata$mdlStart            00000001800227a4     trackVehicleNewVer7_SonarPath_sfun_registry.obj
 0004:000007b0       $pdata$mdlTerminate        00000001800227b0     trackVehicleNewVer7_SonarPath_sfun_registry.obj
 0004:000007bc       $pdata$mdlInitializeSizes  00000001800227bc     trackVehicleNewVer7_SonarPath_sfun_registry.obj
 0004:000007c8       $pdata$mdlInitializeSampleTimes 00000001800227c8     trackVehicleNewVer7_SonarPath_sfun_registry.obj
 0004:000007d4       $pdata$mdl_outputs_continuous_legacy 00000001800227d4     trackVehicleNewVer7_SonarPath_sfun_registry.obj
 0004:000007e0       $pdata$mdl_outputs_processing 00000001800227e0     trackVehicleNewVer7_SonarPath_sfun_registry.obj
 0004:000007ec       $pdata$mdl_zeroCrossings_processing 00000001800227ec     trackVehicleNewVer7_SonarPath_sfun_registry.obj
 0004:000007f8       $pdata$mdlZeroCrossings    00000001800227f8     trackVehicleNewVer7_SonarPath_sfun_registry.obj
 0004:00000804       $pdata$mdl_derivatives_processing 0000000180022804     trackVehicleNewVer7_SonarPath_sfun_registry.obj
 0004:00000810       $pdata$mdlDerivatives      0000000180022810     trackVehicleNewVer7_SonarPath_sfun_registry.obj
 0004:0000081c       $pdata$mdl_initialize_conditions_processing 000000018002281c     trackVehicleNewVer7_SonarPath_sfun_registry.obj
 0004:00000828       $pdata$mdlInitializeConditions 0000000180022828     trackVehicleNewVer7_SonarPath_sfun_registry.obj
 0004:00000834       $pdata$mdl_ext_mode_exec_processing 0000000180022834     trackVehicleNewVer7_SonarPath_sfun_registry.obj
 0004:00000840       $pdata$mdlExtModeExec      0000000180022840     trackVehicleNewVer7_SonarPath_sfun_registry.obj
 0004:0000084c       $pdata$mdlRTW              000000018002284c     trackVehicleNewVer7_SonarPath_sfun_registry.obj
 0004:00000858       $pdata$mdl_enable_processing 0000000180022858     trackVehicleNewVer7_SonarPath_sfun_registry.obj
 0004:00000864       $pdata$mdlEnable           0000000180022864     trackVehicleNewVer7_SonarPath_sfun_registry.obj
 0004:00000870       $pdata$mdl_disable_processing 0000000180022870     trackVehicleNewVer7_SonarPath_sfun_registry.obj
 0004:0000087c       $pdata$mdlDisable          000000018002287c     trackVehicleNewVer7_SonarPath_sfun_registry.obj
 0004:00000888       $pdata$mdlOutputs          0000000180022888     trackVehicleNewVer7_SonarPath_sfun_registry.obj
 0004:00000894       $pdata$mdl_update_processing 0000000180022894     trackVehicleNewVer7_SonarPath_sfun_registry.obj
 0004:000008a0       $pdata$mdlUpdate           00000001800228a0     trackVehicleNewVer7_SonarPath_sfun_registry.obj
 0004:000008ac       $pdata$ProcessMexSfunctionEveryCall 00000001800228ac     trackVehicleNewVer7_SonarPath_sfun_registry.obj
 0004:000008b8       $pdata$_RegNumInputPortsCB 00000001800228b8     trackVehicleNewVer7_SonarPath_sfun_registry.obj
 0004:000008c4       $pdata$_RegNumOutputPortsCB 00000001800228c4     trackVehicleNewVer7_SonarPath_sfun_registry.obj
 0004:000008d0       $pdata$_CreateSimStruct    00000001800228d0     trackVehicleNewVer7_SonarPath_sfun_registry.obj
 0004:000008dc       $pdata$_ssFatalError       00000001800228dc     trackVehicleNewVer7_SonarPath_sfun_registry.obj
 0004:000008e8       $pdata$_ProcessMexSfunctionCmdLineCall 00000001800228e8     trackVehicleNewVer7_SonarPath_sfun_registry.obj
 0004:000008f4       $pdata$__raise_securityfailure 00000001800228f4     MSVCRT:gs_report.obj
 0004:00000900       $pdata$__report_gsfailure  0000000180022900     MSVCRT:gs_report.obj
 0004:0000090c       $pdata$__report_rangecheckfailure 000000018002290c     MSVCRT:gs_report.obj
 0004:00000918       $pdata$__report_securityfailure 0000000180022918     MSVCRT:gs_report.obj
 0004:00000924       $pdata$__report_securityfailureEx 0000000180022924     MSVCRT:gs_report.obj
 0004:00000930       $pdata$__GSHandlerCheck    0000000180022930     MSVCRT:gshandler.obj
 0004:0000093c       $pdata$__GSHandlerCheckCommon 000000018002293c     MSVCRT:gshandler.obj
 0004:00000960       $pdata$pre_c_init          0000000180022960     MSVCRT:crtdll.obj
 0004:0000096c       $pdata$_CRT_INIT           000000018002296c     MSVCRT:crtdll.obj
 0004:00000978       $pdata$_DllMainCRTStartup  0000000180022978     MSVCRT:crtdll.obj
 0004:00000984       $pdata$__DllMainCRTStartup 0000000180022984     MSVCRT:crtdll.obj
 0004:00000990       $pdata$_IsNonwritableInCurrentImage 0000000180022990     MSVCRT:pesect.obj
 0004:0000099c       $pdata$__atonexitinit      000000018002299c     MSVCRT:atonexit.obj
 0004:000009a8       $pdata$_onexit             00000001800229a8     MSVCRT:atonexit.obj
 0004:000009b4       $pdata$atexit              00000001800229b4     MSVCRT:atonexit.obj
 0004:000009c0       $pdata$__security_init_cookie 00000001800229c0     MSVCRT:gs_support.obj
 0004:000009cc       $pdata$DllMain             00000001800229cc     MSVCRT:dllmain.obj
 0004:000009d8       $pdata$_RTC_Initialize     00000001800229d8     MSVCRT:initsect.obj
 0004:000009e4       $pdata$_RTC_Terminate      00000001800229e4     MSVCRT:initsect.obj
 0004:000009f0       $pdata$__DllMainCRTStartup$filt$0 00000001800229f0     MSVCRT:crtdll.obj
 0004:000009fc       $pdata$__DllMainCRTStartup$fin$1 00000001800229fc     MSVCRT:crtdll.obj
 0004:00000a08       $pdata$_IsNonwritableInCurrentImage$filt$0 0000000180022a08     MSVCRT:pesect.obj
 0004:00000a14       $pdata$_onexit$fin$0       0000000180022a14     MSVCRT:atonexit.obj
